Archive member included to satisfy reference by file (symbol)

c:/nxp/mcuxpressoide_11.0.1_2563/ide/plugins/com.nxp.mcuxpresso.tools.win32_11.0.1.201907311258/tools/bin/../lib/gcc/arm-none-eabi/8.2.1/../../../../arm-none-eabi/lib/thumb/v6-m/nofp\libcr_nohost_nf.a(_cr__main.o)
                              ./startup/startup_mkl25z4.o (__main)
c:/nxp/mcuxpressoide_11.0.1_2563/ide/plugins/com.nxp.mcuxpresso.tools.win32_11.0.1.201907311258/tools/bin/../lib/gcc/arm-none-eabi/8.2.1/../../../../arm-none-eabi/lib/thumb/v6-m/nofp\libcr_c.a(memcpy.o)
                              ./drivers/fsl_flash.o (memcpy)
c:/nxp/mcuxpressoide_11.0.1_2563/ide/plugins/com.nxp.mcuxpresso.tools.win32_11.0.1.201907311258/tools/bin/../lib/gcc/arm-none-eabi/8.2.1/../../../../arm-none-eabi/lib/thumb/v6-m/nofp\libcr_c.a(memset.o)
                              ./drivers/fsl_flash.o (memset)
c:/nxp/mcuxpressoide_11.0.1_2563/ide/plugins/com.nxp.mcuxpresso.tools.win32_11.0.1.201907311258/tools/bin/../lib/gcc/arm-none-eabi/8.2.1/../../../../arm-none-eabi/lib/thumb/v6-m/nofp\libcr_c.a(initio.o)
                              c:/nxp/mcuxpressoide_11.0.1_2563/ide/plugins/com.nxp.mcuxpresso.tools.win32_11.0.1.201907311258/tools/bin/../lib/gcc/arm-none-eabi/8.2.1/../../../../arm-none-eabi/lib/thumb/v6-m/nofp\libcr_nohost_nf.a(_cr__main.o) (_initio)
c:/nxp/mcuxpressoide_11.0.1_2563/ide/plugins/com.nxp.mcuxpresso.tools.win32_11.0.1.201907311258/tools/bin/../lib/gcc/arm-none-eabi/8.2.1/../../../../arm-none-eabi/lib/thumb/v6-m/nofp\libcr_c.a(setvbuf.o)
                              c:/nxp/mcuxpressoide_11.0.1_2563/ide/plugins/com.nxp.mcuxpresso.tools.win32_11.0.1.201907311258/tools/bin/../lib/gcc/arm-none-eabi/8.2.1/../../../../arm-none-eabi/lib/thumb/v6-m/nofp\libcr_c.a(initio.o) (setvbuf)
c:/nxp/mcuxpressoide_11.0.1_2563/ide/plugins/com.nxp.mcuxpresso.tools.win32_11.0.1.201907311258/tools/bin/../lib/gcc/arm-none-eabi/8.2.1/../../../../arm-none-eabi/lib/thumb/v6-m/nofp\libcr_c.a(strlen.o)
                              ./utilities/fsl_debug_console.o (strlen)
c:/nxp/mcuxpressoide_11.0.1_2563/ide/plugins/com.nxp.mcuxpresso.tools.win32_11.0.1.201907311258/tools/bin/../lib/gcc/arm-none-eabi/8.2.1/../../../../arm-none-eabi/lib/thumb/v6-m/nofp\libcr_c.a(_fdopen.o)
                              c:/nxp/mcuxpressoide_11.0.1_2563/ide/plugins/com.nxp.mcuxpresso.tools.win32_11.0.1.201907311258/tools/bin/../lib/gcc/arm-none-eabi/8.2.1/../../../../arm-none-eabi/lib/thumb/v6-m/nofp\libcr_c.a(initio.o) (_fdopen)
c:/nxp/mcuxpressoide_11.0.1_2563/ide/plugins/com.nxp.mcuxpresso.tools.win32_11.0.1.201907311258/tools/bin/../lib/gcc/arm-none-eabi/8.2.1/../../../../arm-none-eabi/lib/thumb/v6-m/nofp\libcr_c.a(fclose.o)
                              c:/nxp/mcuxpressoide_11.0.1_2563/ide/plugins/com.nxp.mcuxpresso.tools.win32_11.0.1.201907311258/tools/bin/../lib/gcc/arm-none-eabi/8.2.1/../../../../arm-none-eabi/lib/thumb/v6-m/nofp\libcr_c.a(initio.o) (fclose)
c:/nxp/mcuxpressoide_11.0.1_2563/ide/plugins/com.nxp.mcuxpresso.tools.win32_11.0.1.201907311258/tools/bin/../lib/gcc/arm-none-eabi/8.2.1/../../../../arm-none-eabi/lib/thumb/v6-m/nofp\libcr_c.a(fflush.o)
                              c:/nxp/mcuxpressoide_11.0.1_2563/ide/plugins/com.nxp.mcuxpresso.tools.win32_11.0.1.201907311258/tools/bin/../lib/gcc/arm-none-eabi/8.2.1/../../../../arm-none-eabi/lib/thumb/v6-m/nofp\libcr_c.a(fclose.o) (fflush)
c:/nxp/mcuxpressoide_11.0.1_2563/ide/plugins/com.nxp.mcuxpresso.tools.win32_11.0.1.201907311258/tools/bin/../lib/gcc/arm-none-eabi/8.2.1/../../../../arm-none-eabi/lib/thumb/v6-m/nofp\libcr_c.a(fseek.o)
                              c:/nxp/mcuxpressoide_11.0.1_2563/ide/plugins/com.nxp.mcuxpresso.tools.win32_11.0.1.201907311258/tools/bin/../lib/gcc/arm-none-eabi/8.2.1/../../../../arm-none-eabi/lib/thumb/v6-m/nofp\libcr_c.a(_fdopen.o) (fseek)
c:/nxp/mcuxpressoide_11.0.1_2563/ide/plugins/com.nxp.mcuxpresso.tools.win32_11.0.1.201907311258/tools/bin/../lib/gcc/arm-none-eabi/8.2.1/../../../../arm-none-eabi/lib/thumb/v6-m/nofp\libcr_c.a(ftell.o)
                              c:/nxp/mcuxpressoide_11.0.1_2563/ide/plugins/com.nxp.mcuxpresso.tools.win32_11.0.1.201907311258/tools/bin/../lib/gcc/arm-none-eabi/8.2.1/../../../../arm-none-eabi/lib/thumb/v6-m/nofp\libcr_c.a(fseek.o) (ftell)
c:/nxp/mcuxpressoide_11.0.1_2563/ide/plugins/com.nxp.mcuxpresso.tools.win32_11.0.1.201907311258/tools/bin/../lib/gcc/arm-none-eabi/8.2.1/../../../../arm-none-eabi/lib/thumb/v6-m/nofp\libcr_c.a(remove.o)
                              c:/nxp/mcuxpressoide_11.0.1_2563/ide/plugins/com.nxp.mcuxpresso.tools.win32_11.0.1.201907311258/tools/bin/../lib/gcc/arm-none-eabi/8.2.1/../../../../arm-none-eabi/lib/thumb/v6-m/nofp\libcr_c.a(fclose.o) (remove)
c:/nxp/mcuxpressoide_11.0.1_2563/ide/plugins/com.nxp.mcuxpresso.tools.win32_11.0.1.201907311258/tools/bin/../lib/gcc/arm-none-eabi/8.2.1/../../../../arm-none-eabi/lib/thumb/v6-m/nofp\libcr_c.a(_do_fflush.o)
[...]
Memory Configuration

Name             Origin             Length             Attributes
PROGRAM_FLASH    0x00000000         0x00020000         xr
SRAM             0x1ffff000         0x00004000         xrw
*default*        0x00000000         0xffffffff

Linker script and memory map

LOAD ./utilities/fsl_debug_console.o
LOAD ./startup/startup_mkl25z4.o
LOAD ./source/Delay_Function.o
LOAD ./source/I2C_Init.o
LOAD ./source/LED_Blink.o
LOAD ./source/Logger.o
LOAD ./source/STATE_MACHINE.o
LOAD ./source/System.o
LOAD ./source/TESTING_CONDITIONS.o
LOAD ./source/TMP102.o
LOAD ./source/Table_State_Machine.o
LOAD ./source/Unit_Testing.o
LOAD ./source/main.o
LOAD ./source/mtb.o
LOAD ./source/semihost_hardfault.o
LOAD ./drivers/fsl_clock.o
LOAD ./drivers/fsl_common.o
LOAD ./drivers/fsl_flash.o
LOAD ./drivers/fsl_gpio.o
LOAD ./drivers/fsl_lpsci.o
LOAD ./drivers/fsl_smc.o
LOAD ./drivers/fsl_uart.o
LOAD ./board/board.o
LOAD ./board/clock_config.o
LOAD ./board/peripherals.o
LOAD ./board/pin_mux.o
LOAD ./CMSIS/system_MKL25Z4.o
START GROUP
LOAD c:/nxp/mcuxpressoide_11.0.1_2563/ide/plugins/com.nxp.mcuxpresso.tools.win32_11.0.1.201907311258/tools/bin/../lib/gcc/arm-none-eabi/8.2.1/../../../../arm-none-eabi/lib/thumb/v6-m/nofp\libcr_nohost_nf.a
LOAD c:/nxp/mcuxpressoide_11.0.1_2563/ide/plugins/com.nxp.mcuxpresso.tools.win32_11.0.1.201907311258/tools/bin/../lib/gcc/arm-none-eabi/8.2.1/../../../../arm-none-eabi/lib/thumb/v6-m/nofp\libcr_c.a
LOAD c:/nxp/mcuxpressoide_11.0.1_2563/ide/plugins/com.nxp.mcuxpresso.tools.win32_11.0.1.201907311258/tools/bin/../lib/gcc/arm-none-eabi/8.2.1/thumb/v6-m/nofp\libcr_eabihelpers.a
LOAD c:/nxp/mcuxpressoide_11.0.1_2563/ide/plugins/com.nxp.mcuxpresso.tools.win32_11.0.1.201907311258/tools/bin/../lib/gcc/arm-none-eabi/8.2.1/thumb/v6-m/nofp\libgcc.a
END GROUP
                0x00000000                __base_PROGRAM_FLASH = 0x0
                0x00000000                __base_Flash = 0x0
                0x00020000                __top_PROGRAM_FLASH = 0x20000
                0x00020000                __top_Flash = 0x20000
                0x1ffff000                __base_SRAM = 0x1ffff000
                0x1ffff000                __base_RAM = 0x1ffff000
                0x20003000                __top_SRAM = 0x20003000
                0x20003000                __top_RAM = 0x20003000

.text           0x00000000     0x5bf8
 FILL mask 0xff
                0x00000000                __vectors_start__ = ABSOLUTE (.)
 *(SORT_BY_ALIGNMENT(.isr_vector))
 .isr_vector    0x00000000       0xc0 ./startup/startup_mkl25z4.o
                0x00000000                g_pfnVectors
                0x00000000                __Vectors
                0x000000c0                . = ALIGN (0x4)
                0x000000c0                __section_table_start = .
                0x000000c0                __data_section_table = .
                0x000000c0        0x4 LONG 0x5bf8 LOADADDR (.data)
                0x000000c4        0x4 LONG 0x1ffff080 ADDR (.data)
                0x000000c8        0x4 LONG 0x1f0 SIZEOF (.data)
                0x000000cc                __data_section_table_end = .
                0x000000cc                __bss_section_table = .
                0x000000cc        0x4 LONG 0x1ffff270 ADDR (.bss)
                0x000000d0        0x4 LONG 0x110 SIZEOF (.bss)
                0x000000d4                __bss_section_table_end = .
                0x000000d4                __section_table_end = .
 *(SORT_BY_ALIGNMENT(.after_vectors*))
 .after_vectors.reset
                0x000000d4       0x4c ./startup/startup_mkl25z4.o
                0x000000d4                ResetISR
 .after_vectors.init_data
                0x00000120       0x12 ./startup/startup_mkl25z4.o
                0x00000120                data_init
 .after_vectors.init_bss
                0x00000132       0x10 ./startup/startup_mkl25z4.o
                0x00000132                bss_init
 .after_vectors
                0x00000142      0x10c ./startup/startup_mkl25z4.o
                0x00000142                NMI_Handler
                0x00000146                SVC_Handler
                0x00000148                PendSV_Handler
                0x0000014a                SysTick_Handler
                0x0000014c                LPTMR0_DriverIRQHandler
                0x0000014c                Reserved39_DriverIRQHandler
                0x0000014c                DMA0_DriverIRQHandler
                0x0000014c                SPI1_DriverIRQHandler
                0x0000014c                I2C0_DriverIRQHandler
                0x0000014c                PORTD_DriverIRQHandler
                0x0000014c                DMA2_DriverIRQHandler
                0x0000014c                CMP0_DriverIRQHandler
                0x0000014c                TPM2_DriverIRQHandler
                0x0000014c                ADC0_DriverIRQHandler
                0x0000014c                SPI0_DriverIRQHandler
                0x0000014c                TSI0_DriverIRQHandler
                0x0000014c                RTC_Seconds_DriverIRQHandler
                0x0000014c                I2C1_DriverIRQHandler
                0x0000014c                DMA1_DriverIRQHandler
                0x0000014c                LLWU_DriverIRQHandler
                0x0000014c                MCG_DriverIRQHandler
                0x0000014c                PIT_DriverIRQHandler
                0x0000014c                RTC_DriverIRQHandler
                0x0000014c                TPM1_DriverIRQHandler
                0x0000014c                FTFA_DriverIRQHandler
                0x0000014c                IntDefaultHandler
                0x0000014c                USB0_DriverIRQHandler
                0x0000014c                DAC0_DriverIRQHandler
                0x0000014c                PORTA_DriverIRQHandler
                0x0000014c                LVD_LVW_DriverIRQHandler
                0x0000014c                TPM0_DriverIRQHandler
                0x0000014c                Reserved45_DriverIRQHandler
                0x0000014c                DMA3_DriverIRQHandler
                0x0000014c                Reserved20_DriverIRQHandler
                0x0000014e                DMA0_IRQHandler
                0x00000156                DMA1_IRQHandler
                0x0000015e                DMA2_IRQHandler
                0x00000166                DMA3_IRQHandler
                0x0000016e                Reserved20_IRQHandler
                0x00000176                FTFA_IRQHandler
                0x0000017e                LVD_LVW_IRQHandler
                0x00000186                LLWU_IRQHandler
                0x0000018e                I2C0_IRQHandler
                0x00000196                I2C1_IRQHandler
                0x0000019e                SPI0_IRQHandler
                0x000001a6                SPI1_IRQHandler
                0x000001ae                UART0_IRQHandler
                0x000001b6                UART1_IRQHandler
                0x000001be                UART2_IRQHandler
                0x000001c6                ADC0_IRQHandler
                0x000001ce                CMP0_IRQHandler
                0x000001d6                TPM0_IRQHandler
                0x000001de                TPM1_IRQHandler
                0x000001e6                TPM2_IRQHandler
                0x000001ee                RTC_IRQHandler
                0x000001f6                RTC_Seconds_IRQHandler
                0x000001fe                PIT_IRQHandler
                0x00000206                Reserved39_IRQHandler
                0x0000020e                USB0_IRQHandler
                0x00000216                DAC0_IRQHandler
                0x0000021e                TSI0_IRQHandler
                0x00000226                MCG_IRQHandler
                0x0000022e                LPTMR0_IRQHandler
                0x00000236                Reserved45_IRQHandler
                0x0000023e                PORTA_IRQHandler
                0x00000246                PORTD_IRQHandler
                0x00000400                . = 0x400
 *fill*         0x0000024e      0x1b2 ff
                0x00000400                PROVIDE (__FLASH_CONFIG_START__ = .)
 *(SORT_BY_ALIGNMENT(.FlashConfig))
 .FlashConfig   0x00000400       0x10 ./startup/startup_mkl25z4.o
                0x00000400                Flash_Config
                0x00000410                PROVIDE (__FLASH_CONFIG_END__ = .)
                0x00000001                ASSERT (! ((__FLASH_CONFIG_START__ == __FLASH_CONFIG_END__)), Linker Flash Config Support Enabled, but no .FlashConfig section provided within application)
 *(SORT_BY_ALIGNMENT(.text*))
 .text.DbgConsole_Init
                0x00000410       0xf0 ./utilities/fsl_debug_console.o
                0x00000410                DbgConsole_Init
 .text.DbgConsole_Printf
                0x00000500       0x44 ./utilities/fsl_debug_console.o
                0x00000500                DbgConsole_Printf
 .text.DbgConsole_Putchar
                0x00000544       0x34 ./utilities/fsl_debug_console.o
                0x00000544                DbgConsole_Putchar
 .text.Delay_Time
                0x00000578       0x4c ./source/Delay_Function.o
                0x00000578                Delay_Time
 .text.TimeOut_Counter
                0x000005c4       0x3c ./source/Delay_Function.o
                0x000005c4                TimeOut_Counter
 .text.I2C_Init
                0x00000600       0x84 ./source/I2C_Init.o
                0x00000600                I2C_Init
 .text.i2c_write_byte
                0x00000684      0x104 ./source/I2C_Init.o
                0x00000684                i2c_write_byte
 .text.i2c_read_byte
                0x00000788      0x144 ./source/I2C_Init.o
                0x00000788                i2c_read_byte
 .text.i2c_read_byte_alert
                0x000008cc      0x194 ./source/I2C_Init.o
                0x000008cc                i2c_read_byte_alert
 .text.GREEN_LED_INIT
                0x00000a60       0x20 ./source/LED_Blink.o
                0x00000a60                GREEN_LED_INIT
 .text.GREEN_LED_ON
                0x00000a80       0x1c ./source/LED_Blink.o
                0x00000a80                GREEN_LED_ON
 .text.GREEN_LED_OFF
                0x00000a9c       0x1c ./source/LED_Blink.o
                0x00000a9c                GREEN_LED_OFF
 .text.RED_LED_INIT
                0x00000ab8       0x20 ./source/LED_Blink.o
                0x00000ab8                RED_LED_INIT
 .text.RED_LED_ON
                0x00000ad8       0x1c ./source/LED_Blink.o
                0x00000ad8                RED_LED_ON
 .text.RED_LED_OFF
                0x00000af4       0x1c ./source/LED_Blink.o
                0x00000af4                RED_LED_OFF
 .text.BLUE_LED_INIT
                0x00000b10       0x20 ./source/LED_Blink.o
                0x00000b10                BLUE_LED_INIT
 .text.BLUE_LED_ON
                0x00000b30       0x18 ./source/LED_Blink.o
                0x00000b30                BLUE_LED_ON
 .text.BLUE_LED_OFF
                0x00000b48       0x18 ./source/LED_Blink.o
                0x00000b48                BLUE_LED_OFF
 .text.Log_Enabled
                0x00000b60       0x14 ./source/Logger.o
                0x00000b60                Log_Enabled
 .text.Status   0x00000b74       0x18 ./source/Logger.o
                0x00000b74                Status
 .text.getloglevel
                0x00000b8c       0x3c ./source/Logger.o
                0x00000b8c                getloglevel
 .text.getFunctions
                0x00000bc8       0x8c ./source/Logger.o
                0x00000bc8                getFunctions
 .text.Log_Data
                0x00000c54       0x50 ./source/Logger.o
                0x00000c54                Log_Data
 .text.Log_String
                0x00000ca4       0x4c ./source/Logger.o
                0x00000ca4                Log_String
 .text.State_Machine
                0x00000cf0      0x2d0 ./source/STATE_MACHINE.o
                0x00000cf0                State_Machine
 .text.System_Init
                0x00000fc0       0x18 ./source/System.o
                0x00000fc0                System_Init
 .text.System_Safestate
                0x00000fd8       0x1c ./source/System.o
                0x00000fd8                System_Safestate
 .text.System_WriteInt
                0x00000ff4       0x20 ./source/System.o
                0x00000ff4                System_WriteInt
 .text.Power_On_Reset_Test
                0x00001014       0x48 ./source/TESTING_CONDITIONS.o
                0x00001014                Power_On_Reset_Test
 .text.Alert    0x0000105c       0x60 ./source/TESTING_CONDITIONS.o
                0x0000105c                Alert
 .text.Disconnect
                0x000010bc       0x34 ./source/TESTING_CONDITIONS.o
                0x000010bc                Disconnect
 .text.Temperature_Reading
                0x000010f0       0x40 ./source/TMP102.o
                0x000010f0                Temperature_Reading
 .text.Calculate_Average_Temperature
                0x00001130       0xa4 ./source/TMP102.o
                0x00001130                Calculate_Average_Temperature
 .text.Table_StateMachine
                0x000011d4      0x2e4 ./source/Table_State_Machine.o
                0x000011d4                Table_StateMachine
 .text.Power_Test
                0x000014b8      0x23c ./source/Unit_Testing.o
                0x000014b8                Power_Test
 .text.Switch_Test
                0x000016f4      0x288 ./source/Unit_Testing.o
                0x000016f4                Switch_Test
 .text.Test_Counter
                0x0000197c      0x300 ./source/Unit_Testing.o
                0x0000197c                Test_Counter
 .text.Test_Enum
                0x00001c7c      0x230 ./source/Unit_Testing.o
                0x00001c7c                Test_Enum
 .text.Test_Col_Range
                0x00001eac      0x230 ./source/Unit_Testing.o
                0x00001eac                Test_Col_Range
 .text.Test_Array_Range
                0x000020dc      0x230 ./source/Unit_Testing.o
                0x000020dc                Test_Array_Range
 .text.Test_Avg_Temp
                0x0000230c      0x23c ./source/Unit_Testing.o
                0x0000230c                Test_Avg_Temp
 .text.Test_Event_Set
                0x00002548      0x240 ./source/Unit_Testing.o
                0x00002548                Test_Event_Set
 .text.Test_Log_Status
                0x00002788      0x1c0 ./source/Unit_Testing.o
                0x00002788                Test_Log_Status
 .text.HardFault_Handler
                0x00002948       0x30 ./source/semihost_hardfault.o
                0x00002948                HardFault_Handler
 .text.CLOCK_SetEr32kClock
                0x00002978       0x34 ./drivers/fsl_clock.o
 .text.CLOCK_SetPllFllSelClock
                0x000029ac       0x38 ./drivers/fsl_clock.o
 .text.CLOCK_GetMcgExtClkFreq
                0x000029e4       0x28 ./drivers/fsl_clock.o
 .text.CLOCK_GetFllExtRefClkFreq
                0x00002a0c       0xa4 ./drivers/fsl_clock.o
 .text.CLOCK_GetFllRefClkFreq
                0x00002ab0       0x2c ./drivers/fsl_clock.o
 .text.CLOCK_GetOscRangeFromFreq
                0x00002adc       0x4c ./drivers/fsl_clock.o
 .text.CLOCK_GetPllFllSelClkFreq
                0x00002b28       0x4c ./drivers/fsl_clock.o
                0x00002b28                CLOCK_GetPllFllSelClkFreq
 .text.CLOCK_SetSimConfig
                0x00002b74       0x38 ./drivers/fsl_clock.o
                0x00002b74                CLOCK_SetSimConfig
 .text.CLOCK_GetFllFreq
                0x00002bac       0x84 ./drivers/fsl_clock.o
                0x00002bac                CLOCK_GetFllFreq
 .text.CLOCK_GetPll0Freq
                0x00002c30       0x70 ./drivers/fsl_clock.o
                0x00002c30                CLOCK_GetPll0Freq
 .text.CLOCK_SetInternalRefClkConfig
                0x00002ca0      0x124 ./drivers/fsl_clock.o
                0x00002ca0                CLOCK_SetInternalRefClkConfig
 .text.CLOCK_EnablePll0
                0x00002dc4       0x90 ./drivers/fsl_clock.o
                0x00002dc4                CLOCK_EnablePll0
 .text.CLOCK_InitOsc0
                0x00002e54       0x94 ./drivers/fsl_clock.o
                0x00002e54                CLOCK_InitOsc0
 .text.CLOCK_SetPbeMode
                0x00002ee8       0xb0 ./drivers/fsl_clock.o
                0x00002ee8                CLOCK_SetPbeMode
 .text.CLOCK_BootToPeeMode
                0x00002f98       0x70 ./drivers/fsl_clock.o
                0x00002f98                CLOCK_BootToPeeMode
 .text.__assertion_failed
                0x00003008       0x1c ./drivers/fsl_common.o
                0x00003008                __assertion_failed
 .text.GPIO_PinInit
                0x00003024       0x64 ./drivers/fsl_gpio.o
                0x00003024                GPIO_PinInit
 .text.CLOCK_EnableClock
                0x00003088       0x34 ./drivers/fsl_lpsci.o
 .text.LPSCI_GetInstance
                0x000030bc       0x48 ./drivers/fsl_lpsci.o
                0x000030bc                LPSCI_GetInstance
 .text.LPSCI_Init
                0x00003104      0x258 ./drivers/fsl_lpsci.o
                0x00003104                LPSCI_Init
 .text.LPSCI_GetDefaultConfig
                0x0000335c       0x44 ./drivers/fsl_lpsci.o
                0x0000335c                LPSCI_GetDefaultConfig
 .text.LPSCI_ClearStatusFlags
                0x000033a0       0x94 ./drivers/fsl_lpsci.o
                0x000033a0                LPSCI_ClearStatusFlags
 .text.LPSCI_WriteBlocking
                0x00003434       0x4c ./drivers/fsl_lpsci.o
                0x00003434                LPSCI_WriteBlocking
 .text.LPSCI_ReadBlocking
                0x00003480       0xc0 ./drivers/fsl_lpsci.o
                0x00003480                LPSCI_ReadBlocking
 .text.UART0_DriverIRQHandler
                0x00003540       0x24 ./drivers/fsl_lpsci.o
                0x00003540                UART0_DriverIRQHandler
 .text.CLOCK_EnableClock
                0x00003564       0x34 ./drivers/fsl_uart.o
 .text.UART_GetInstance
                0x00003598       0x54 ./drivers/fsl_uart.o
                0x00003598                UART_GetInstance
 .text.UART_Init
                0x000035ec      0x1e0 ./drivers/fsl_uart.o
                0x000035ec                UART_Init
 .text.UART_GetDefaultConfig
                0x000037cc       0x44 ./drivers/fsl_uart.o
                0x000037cc                UART_GetDefaultConfig
 .text.UART_ReadBlocking
                0x00003810       0x98 ./drivers/fsl_uart.o
                0x00003810                UART_ReadBlocking
 .text.UART1_DriverIRQHandler
                0x000038a8       0x24 ./drivers/fsl_uart.o
                0x000038a8                UART1_DriverIRQHandler
 .text.UART2_DriverIRQHandler
                0x000038cc       0x24 ./drivers/fsl_uart.o
                0x000038cc                UART2_DriverIRQHandler
 .text.CLOCK_SetLpsci0Clock
                0x000038f0       0x38 ./board/board.o
 .text.BOARD_InitDebugConsole
                0x00003928       0x30 ./board/board.o
                0x00003928                BOARD_InitDebugConsole
 .text.CLOCK_SetSimSafeDivs
                0x00003958       0x20 ./board/clock_config.o
 .text.CLOCK_SetXtal0Freq
                0x00003978       0x1c ./board/clock_config.o
 .text.CLOCK_CONFIG_SetFllExtRefDiv
                0x00003994       0x3c ./board/clock_config.o
 .text.BOARD_BootClockRUN
                0x000039d0       0x64 ./board/clock_config.o
                0x000039d0                BOARD_BootClockRUN
 .text.CLOCK_EnableClock
                0x00003a34       0x34 ./board/pin_mux.o
 .text.PORT_SetPinMux
                0x00003a68       0x40 ./board/pin_mux.o
 .text.BOARD_InitPins
                0x00003aa8       0xb8 ./board/pin_mux.o
                0x00003aa8                BOARD_InitPins
 .text.SystemInit
                0x00003b60       0x18 ./CMSIS/system_MKL25Z4.o
                0x00003b60                SystemInit
 .text._initio  0x00003b78       0x7c c:/nxp/mcuxpressoide_11.0.1_2563/ide/plugins/com.nxp.mcuxpresso.tools.win32_11.0.1.201907311258/tools/bin/../lib/gcc/arm-none-eabi/8.2.1/../../../../arm-none-eabi/lib/thumb/v6-m/nofp\libcr_c.a(initio.o)
                0x00003b78                _initio
 .text.setvbuf  0x00003bf4       0x4c c:/nxp/mcuxpressoide_11.0.1_2563/ide/plugins/com.nxp.mcuxpresso.tools.win32_11.0.1.201907311258/tools/bin/../lib/gcc/arm-none-eabi/8.2.1/../../../../arm-none-eabi/lib/thumb/v6-m/nofp\libcr_c.a(setvbuf.o)
                0x00003bf4                setvbuf
 .text.strlen   0x00003c40       0x58 c:/nxp/mcuxpressoide_11.0.1_2563/ide/plugins/com.nxp.mcuxpresso.tools.win32_11.0.1.201907311258/tools/bin/../lib/gcc/arm-none-eabi/8.2.1/../../../../arm-none-eabi/lib/thumb/v6-m/nofp\libcr_c.a(strlen.o)
                0x00003c40                strlen
 .text._fdopen  0x00003c98       0x74 c:/nxp/mcuxpressoide_11.0.1_2563/ide/plugins/com.nxp.mcuxpresso.tools.win32_11.0.1.201907311258/tools/bin/../lib/gcc/arm-none-eabi/8.2.1/../../../../arm-none-eabi/lib/thumb/v6-m/nofp\libcr_c.a(_fdopen.o)
                0x00003c98                _fdopen
 .text.fclose   0x00003d0c       0x5c c:/nxp/mcuxpressoide_11.0.1_2563/ide/plugins/com.nxp.mcuxpresso.tools.win32_11.0.1.201907311258/tools/bin/../lib/gcc/arm-none-eabi/8.2.1/../../../../arm-none-eabi/lib/thumb/v6-m/nofp\libcr_c.a(fclose.o)
                0x00003d0c                fclose
 .text.fflush   0x00003d68       0x44 c:/nxp/mcuxpressoide_11.0.1_2563/ide/plugins/com.nxp.mcuxpresso.tools.win32_11.0.1.201907311258/tools/bin/../lib/gcc/arm-none-eabi/8.2.1/../../../../arm-none-eabi/lib/thumb/v6-m/nofp\libcr_c.a(fflush.o)
                0x00003d68                fflush
 .text.fseek    0x00003dac       0xf0 c:/nxp/mcuxpressoide_11.0.1_2563/ide/plugins/com.nxp.mcuxpresso.tools.win32_11.0.1.201907311258/tools/bin/../lib/gcc/arm-none-eabi/8.2.1/../../../../arm-none-eabi/lib/thumb/v6-m/nofp\libcr_c.a(fseek.o)
                0x00003dac                fseek
 .text.ftell    0x00003e9c       0x48 c:/nxp/mcuxpressoide_11.0.1_2563/ide/plugins/com.nxp.mcuxpresso.tools.win32_11.0.1.201907311258/tools/bin/../lib/gcc/arm-none-eabi/8.2.1/../../../../arm-none-eabi/lib/thumb/v6-m/nofp\libcr_c.a(ftell.o)
                0x00003e9c                ftell
 .text._do_fflush
                0x00003ee4       0x44 c:/nxp/mcuxpressoide_11.0.1_2563/ide/plugins/com.nxp.mcuxpresso.tools.win32_11.0.1.201907311258/tools/bin/../lib/gcc/arm-none-eabi/8.2.1/../../../../arm-none-eabi/lib/thumb/v6-m/nofp\libcr_c.a(_do_fflush.o)
                0x00003ee4                _do_fflush
 .text._fflush  0x00003f28       0x5c c:/nxp/mcuxpressoide_11.0.1_2563/ide/plugins/com.nxp.mcuxpresso.tools.win32_11.0.1.201907311258/tools/bin/../lib/gcc/arm-none-eabi/8.2.1/../../../../arm-none-eabi/lib/thumb/v6-m/nofp\libcr_c.a(_fflush.o)
                0x00003f28                _fflush
 .text._Cwritebuf
                0x00003f84       0x68 c:/nxp/mcuxpressoide_11.0.1_2563/ide/plugins/com.nxp.mcuxpresso.tools.win32_11.0.1.201907311258/tools/bin/../lib/gcc/arm-none-eabi/8.2.1/../../../../arm-none-eabi/lib/thumb/v6-m/nofp\libcr_c.a(_writebuf.o)
                0x00003f84                _Cwritebuf
 .text._deferredlazyseek
                0x00003fec       0x40 c:/nxp/mcuxpressoide_11.0.1_2563/ide/plugins/com.nxp.mcuxpresso.tools.win32_11.0.1.201907311258/tools/bin/../lib/gcc/arm-none-eabi/8.2.1/../../../../arm-none-eabi/lib/thumb/v6-m/nofp\libcr_c.a(_deferredlazyseek.o)
                0x00003fec                _deferredlazyseek
 .text.UART_EnableTx
                0x0000402c       0x40 ./utilities/fsl_debug_console.o
 .text.UART_EnableRx
                0x0000406c       0x40 ./utilities/fsl_debug_console.o
 .text.LPSCI_EnableTx
                0x000040ac       0x40 ./utilities/fsl_debug_console.o
 .text.LPSCI_EnableRx
                0x000040ec       0x40 ./utilities/fsl_debug_console.o
 .text.DbgConsole_PrintfPaddingCharacter
                0x0000412c       0x46 ./utilities/fsl_debug_console.o
 .text.DbgConsole_ConvertRadixNumToString
                0x00004172      0x114 ./utilities/fsl_debug_console.o
 .text.DbgConsole_PrintfFormattedData
                0x00004286      0x336 ./utilities/fsl_debug_console.o
 .text.GPIO_SetPinsOutput
                0x000045bc       0x18 ./source/LED_Blink.o
 .text.GPIO_ClearPinsOutput
                0x000045d4       0x18 ./source/LED_Blink.o
 .text.System_exit
                0x000045ec        0xc ./source/System.o
                0x000045ec                System_exit
 .text.System_WriteString
                0x000045f8       0x18 ./source/System.o
                0x000045f8                System_WriteString
 .text.main     0x00004610       0x54 ./source/main.o
                0x00004610                main
 .text.OSC_SetExtRefClkConfig
                0x00004664       0x3e ./drivers/fsl_clock.o
 .text.OSC_SetCapLoad
                0x000046a2       0x42 ./drivers/fsl_clock.o
 .text.CLOCK_GetPll0RefFreq
                0x000046e4       0x10 ./drivers/fsl_clock.o
 .text.CLOCK_SetExternalRefClkConfig
                0x000046f4       0x16 ./drivers/fsl_clock.o
                0x000046f4                CLOCK_SetExternalRefClkConfig
 .text.GPIO_WritePinOutput
                0x0000470a       0x34 ./drivers/fsl_gpio.o
 .text.LPSCI_GetStatusFlags
                0x0000473e       0x26 ./drivers/fsl_lpsci.o
                0x0000473e                LPSCI_GetStatusFlags
 .text.UART_GetStatusFlags
                0x00004764       0x26 ./drivers/fsl_uart.o
                0x00004764                UART_GetStatusFlags
 .text.UART_WriteBlocking
                0x0000478a       0x3a ./drivers/fsl_uart.o
                0x0000478a                UART_WriteBlocking
 .text.BOARD_InitBootClocks
                0x000047c4        0xe ./board/clock_config.o
                0x000047c4                BOARD_InitBootClocks
 .text.BOARD_InitBootPeripherals
                0x000047d2        0xa ./board/peripherals.o
                0x000047d2                BOARD_InitBootPeripherals
 .text.BOARD_InitBootPins
                0x000047dc        0xe ./board/pin_mux.o
                0x000047dc                BOARD_InitBootPins
 .text.__main   0x000047ea        0xc c:/nxp/mcuxpressoide_11.0.1_2563/ide/plugins/com.nxp.mcuxpresso.tools.win32_11.0.1.201907311258/tools/bin/../lib/gcc/arm-none-eabi/8.2.1/../../../../arm-none-eabi/lib/thumb/v6-m/nofp\libcr_nohost_nf.a(_cr__main.o)
                0x000047ea                __main
 .text.memset   0x000047f6        0x8 c:/nxp/mcuxpressoide_11.0.1_2563/ide/plugins/com.nxp.mcuxpresso.tools.win32_11.0.1.201907311258/tools/bin/../lib/gcc/arm-none-eabi/8.2.1/../../../../arm-none-eabi/lib/thumb/v6-m/nofp\libcr_c.a(memset.o)
                0x000047f6                memset
 .text.remove   0x000047fe       0x12 c:/nxp/mcuxpressoide_11.0.1_2563/ide/plugins/com.nxp.mcuxpresso.tools.win32_11.0.1.201907311258/tools/bin/../lib/gcc/arm-none-eabi/8.2.1/../../../../arm-none-eabi/lib/thumb/v6-m/nofp\libcr_c.a(remove.o)
                0x000047fe                remove
 .text.free     0x00004810       0x2c c:/nxp/mcuxpressoide_11.0.1_2563/ide/plugins/com.nxp.mcuxpresso.tools.win32_11.0.1.201907311258/tools/bin/../lib/gcc/arm-none-eabi/8.2.1/../../../../arm-none-eabi/lib/thumb/v6-m/nofp\libcr_c.a(alloc.o)
                0x00004810                free
 .text.__aeabi_division_idivmod
                0x0000483c       0x78 c:/nxp/mcuxpressoide_11.0.1_2563/ide/plugins/com.nxp.mcuxpresso.tools.win32_11.0.1.201907311258/tools/bin/../lib/gcc/arm-none-eabi/8.2.1/thumb/v6-m/nofp\libcr_eabihelpers.a(division_32.o)
                0x0000483c                __aeabi_idivmod
                0x0000483c                __aeabi_idiv
                0x00004842                __aeabi_uidivmod
                0x00004842                __aeabi_uidiv
 .text.__aeabi_division_idiv0
                0x000048b4        0x2 c:/nxp/mcuxpressoide_11.0.1_2563/ide/plugins/com.nxp.mcuxpresso.tools.win32_11.0.1.201907311258/tools/bin/../lib/gcc/arm-none-eabi/8.2.1/thumb/v6-m/nofp\libcr_eabihelpers.a(division_idiv0.o)
                0x000048b4                __aeabi_idiv0
 .text.__aeabi_memset_lowlevel
                0x000048b6       0x2a c:/nxp/mcuxpressoide_11.0.1_2563/ide/plugins/com.nxp.mcuxpresso.tools.win32_11.0.1.201907311258/tools/bin/../lib/gcc/arm-none-eabi/8.2.1/thumb/v6-m/nofp\libcr_eabihelpers.a(memcpy.o)
                0x000048b6                __aeabi_lowlevel_memset
 .text.__sys_close
                0x000048e0        0x6 c:/nxp/mcuxpressoide_11.0.1_2563/ide/plugins/com.nxp.mcuxpresso.tools.win32_11.0.1.201907311258/tools/bin/../lib/gcc/arm-none-eabi/8.2.1/../../../../arm-none-eabi/lib/thumb/v6-m/nofp\libcr_nohost_nf.a(__sys_close.o)
                0x000048e0                __sys_close
 .text.__sys_flen
                0x000048e6        0x6 c:/nxp/mcuxpressoide_11.0.1_2563/ide/plugins/com.nxp.mcuxpresso.tools.win32_11.0.1.201907311258/tools/bin/../lib/gcc/arm-none-eabi/8.2.1/../../../../arm-none-eabi/lib/thumb/v6-m/nofp\libcr_nohost_nf.a(__sys_flen.o)
                0x000048e6                __sys_flen
 .text.__sys_istty
                0x000048ec        0x6 c:/nxp/mcuxpressoide_11.0.1_2563/ide/plugins/com.nxp.mcuxpresso.tools.win32_11.0.1.201907311258/tools/bin/../lib/gcc/arm-none-eabi/8.2.1/../../../../arm-none-eabi/lib/thumb/v6-m/nofp\libcr_nohost_nf.a(__sys_istty.o)
                0x000048ec                __sys_istty
 .text.__sys_remove
                0x000048f2        0x6 c:/nxp/mcuxpressoide_11.0.1_2563/ide/plugins/com.nxp.mcuxpresso.tools.win32_11.0.1.201907311258/tools/bin/../lib/gcc/arm-none-eabi/8.2.1/../../../../arm-none-eabi/lib/thumb/v6-m/nofp\libcr_nohost_nf.a(__sys_remove.o)
                0x000048f2                __sys_remove
 .text.__sys_seek
                0x000048f8        0x6 c:/nxp/mcuxpressoide_11.0.1_2563/ide/plugins/com.nxp.mcuxpresso.tools.win32_11.0.1.201907311258/tools/bin/../lib/gcc/arm-none-eabi/8.2.1/../../../../arm-none-eabi/lib/thumb/v6-m/nofp\libcr_nohost_nf.a(__sys_seek.o)
                0x000048f8                __sys_seek
 .text.__sys_tmpnam
                0x000048fe        0x6 c:/nxp/mcuxpressoide_11.0.1_2563/ide/plugins/com.nxp.mcuxpresso.tools.win32_11.0.1.201907311258/tools/bin/../lib/gcc/arm-none-eabi/8.2.1/../../../../arm-none-eabi/lib/thumb/v6-m/nofp\libcr_nohost_nf.a(__sys_tmpnam.o)
                0x000048fe                __sys_tmpnam
 .text.__sys_write
                0x00004904        0x4 c:/nxp/mcuxpressoide_11.0.1_2563/ide/plugins/com.nxp.mcuxpresso.tools.win32_11.0.1.201907311258/tools/bin/../lib/gcc/arm-none-eabi/8.2.1/../../../../arm-none-eabi/lib/thumb/v6-m/nofp\libcr_nohost_nf.a(__sys_write.o)
                0x00004904                __sys_write
 *(SORT_BY_ALIGNMENT(.rodata) SORT_BY_ALIGNMENT(.rodata.*) SORT_BY_ALIGNMENT(.constdata) SORT_BY_ALIGNMENT(.constdata.*))
 .rodata        0x00004908       0x1f ./source/I2C_Init.o
 *fill*         0x00004927        0x1 ff
 .rodata        0x00004928      0x10f ./source/Logger.o
 *fill*         0x00004a37        0x1 ff
 .rodata.getFunctions
                0x00004a38       0x30 ./source/Logger.o
 .rodata        0x00004a68      0x118 ./source/STATE_MACHINE.o
 .rodata.State_Machine
                0x00004b80       0x1c ./source/STATE_MACHINE.o
 .rodata        0x00004b9c       0x57 ./source/System.o
 *fill*         0x00004bf3        0x1 ff
 .rodata        0x00004bf4       0x4d ./source/TESTING_CONDITIONS.o
 *fill*         0x00004c41        0x3 ff
 .rodata        0x00004c44       0x28 ./source/TMP102.o
 .rodata        0x00004c6c      0x144 ./source/Table_State_Machine.o
 .rodata        0x00004db0      0x38c ./source/Unit_Testing.o
 .rodata        0x0000513c      0x11d ./drivers/fsl_clock.o
 *fill*         0x00005259        0x3 ff
 .rodata.fllFactorTable.5230
                0x0000525c       0x10 ./drivers/fsl_clock.o
 .rodata        0x0000526c        0x4 ./drivers/fsl_common.o
 .rodata        0x00005270       0x62 ./drivers/fsl_gpio.o
 *fill*         0x000052d2        0x2 ff
 .rodata        0x000052d4      0x48c ./drivers/fsl_lpsci.o
 .rodata.s_uartBases
                0x00005760        0xc ./drivers/fsl_uart.o
 .rodata.s_uartClock
                0x0000576c        0xc ./drivers/fsl_uart.o
 .rodata        0x00005778      0x45b ./drivers/fsl_uart.o
 *fill*         0x00005bd3        0x1 ff
 .rodata.mcgConfig_BOARD_BootClockRUN
                0x00005bd4        0xa ./board/clock_config.o
                0x00005bd4                mcgConfig_BOARD_BootClockRUN
 *fill*         0x00005bde        0x2 ff
 .rodata.simConfig_BOARD_BootClockRUN
                0x00005be0        0x8 ./board/clock_config.o
                0x00005be0                simConfig_BOARD_BootClockRUN
 .rodata.oscConfig_BOARD_BootClockRUN
                0x00005be8        0x8 ./board/clock_config.o
                0x00005be8                oscConfig_BOARD_BootClockRUN
 .rodata.__num_Ciob_streams
                0x00005bf0        0x4 c:/nxp/mcuxpressoide_11.0.1_2563/ide/plugins/com.nxp.mcuxpresso.tools.win32_11.0.1.201907311258/tools/bin/../lib/gcc/arm-none-eabi/8.2.1/../../../../arm-none-eabi/lib/thumb/v6-m/nofp\libcr_nohost_nf.a(__ciob.o)
                0x00005bf0                __num_Ciob_streams
 .rodata._initio.str1.1
                0x00005bf4        0x4 c:/nxp/mcuxpressoide_11.0.1_2563/ide/plugins/com.nxp.mcuxpresso.tools.win32_11.0.1.201907311258/tools/bin/../lib/gcc/arm-none-eabi/8.2.1/../../../../arm-none-eabi/lib/thumb/v6-m/nofp\libcr_c.a(initio.o)
                0x00005bf8                . = ALIGN (0x4)

.glue_7         0x00005bf8        0x0
 .glue_7        0x00005bf8        0x0 linker stubs

.glue_7t        0x00005bf8        0x0
 .glue_7t       0x00005bf8        0x0 linker stubs

.vfp11_veneer   0x00005bf8        0x0
 .vfp11_veneer  0x00005bf8        0x0 linker stubs

.v4_bx          0x00005bf8        0x0
 .v4_bx         0x00005bf8        0x0 linker stubs

.iplt           0x00005bf8        0x0
 .iplt          0x00005bf8        0x0 ./utilities/fsl_debug_console.o

.rel.dyn        0x00005bf8        0x0
 .rel.iplt      0x00005bf8        0x0 ./utilities/fsl_debug_console.o

.ARM.extab
 *(SORT_BY_ALIGNMENT(.ARM.extab*) SORT_BY_ALIGNMENT(.gnu.linkonce.armextab.*))
                0x00005bf8                __exidx_start = .

.ARM.exidx
 *(SORT_BY_ALIGNMENT(.ARM.exidx*) SORT_BY_ALIGNMENT(.gnu.linkonce.armexidx.*))
                0x00005bf8                __exidx_end = .
                0x00005bf8                _etext = .

.m_usb_data
 *(SORT_BY_ALIGNMENT(m_usb_bdt))

.mtb_buffer_default
                0x1ffff000       0x80
 *(SORT_BY_ALIGNMENT(.mtb*))
 .mtb.$RAM1     0x1ffff000       0x80 ./source/mtb.o
                0x1ffff000                __mtb_buffer__

.uninit_RESERVED
                0x1ffff080        0x0
                0x1ffff080                . = ALIGN (0x4)
 *(SORT_BY_ALIGNMENT(.bss.$RESERVED*))
                0x1ffff080                . = ALIGN (0x4)
                0x1ffff080                _end_uninit_RESERVED = .

.data           0x1ffff080      0x1f0 load address 0x00005bf8
 FILL mask 0xff
                0x1ffff080                _data = .
 *(SORT_BY_ALIGNMENT(vtable))
 *(SORT_BY_ALIGNMENT(.ramfunc*))
 *(SORT_BY_ALIGNMENT(CodeQuickAccess))
 *(SORT_BY_ALIGNMENT(DataQuickAccess))
 *(SORT_BY_ALIGNMENT(RamFunction))
 *(SORT_BY_ALIGNMENT(.data*))
 .data.cons_val
                0x1ffff080        0x4 ./source/Delay_Function.o
                0x1ffff080                cons_val
 .data.LED_config
                0x1ffff084        0x2 ./source/LED_Blink.o
                0x1ffff084                LED_config
 *fill*         0x1ffff086        0x2 ff
 .data.state_table
                0x1ffff088      0x1e0 ./source/Table_State_Machine.o
                0x1ffff088                state_table
 .data.s_slowIrcFreq
                0x1ffff268        0x4 ./drivers/fsl_clock.o
 .data.SystemCoreClock
                0x1ffff26c        0x4 ./CMSIS/system_MKL25Z4.o
                0x1ffff26c                SystemCoreClock
                0x1ffff270                . = ALIGN (0x4)
                0x1ffff270                _edata = .

.igot.plt       0x1ffff270        0x0 load address 0x00005de8
 .igot.plt      0x1ffff270        0x0 ./utilities/fsl_debug_console.o

.bss            0x1ffff270      0x110 load address 0x00005de8
                0x1ffff270                . = ALIGN (0x4)
                0x1ffff270                _bss = .
 *(SORT_BY_ALIGNMENT(.bss*))
 .bss.s_debugConsole
                0x1ffff270       0x10 ./utilities/fsl_debug_console.o
 .bss.j         0x1ffff280        0x4 ./source/Delay_Function.o
                0x1ffff280                j
 .bss.count     0x1ffff284        0x4 ./source/Delay_Function.o
                0x1ffff284                count
 .bss.ucunit_checks_failed
                0x1ffff288        0x4 ./source/Unit_Testing.o
 .bss.ucunit_checks_passed
                0x1ffff28c        0x4 ./source/Unit_Testing.o
 .bss.ucunit_testcases_failed
                0x1ffff290        0x4 ./source/Unit_Testing.o
 .bss.ucunit_testcases_passed
                0x1ffff294        0x4 ./source/Unit_Testing.o
 .bss.ucunit_testcases_failed_checks
                0x1ffff298        0x4 ./source/Unit_Testing.o
 .bss.ucunit_checklist_failed_checks
                0x1ffff29c        0x4 ./source/Unit_Testing.o
 .bss.ucunit_action
                0x1ffff2a0        0x4 ./source/Unit_Testing.o
 .bss.g_xtal0Freq
                0x1ffff2a4        0x4 ./drivers/fsl_clock.o
                0x1ffff2a4                g_xtal0Freq
 .bss.s_lpsciHandle
                0x1ffff2a8        0x4 ./drivers/fsl_lpsci.o
 .bss.s_lpsciIsr
                0x1ffff2ac        0x4 ./drivers/fsl_lpsci.o
 .bss.s_uartHandle
                0x1ffff2b0        0xc ./drivers/fsl_uart.o
 .bss.s_uartIsr
                0x1ffff2bc        0x4 ./drivers/fsl_uart.o
 .bss.errno     0x1ffff2c0        0x4 c:/nxp/mcuxpressoide_11.0.1_2563/ide/plugins/com.nxp.mcuxpresso.tools.win32_11.0.1.201907311258/tools/bin/../lib/gcc/arm-none-eabi/8.2.1/../../../../arm-none-eabi/lib/thumb/v6-m/nofp\libcr_c.a(errno.o)
                0x1ffff2c0                errno
 .bss.__Ciob    0x1ffff2c4       0xb4 c:/nxp/mcuxpressoide_11.0.1_2563/ide/plugins/com.nxp.mcuxpresso.tools.win32_11.0.1.201907311258/tools/bin/../lib/gcc/arm-none-eabi/8.2.1/../../../../arm-none-eabi/lib/thumb/v6-m/nofp\libcr_nohost_nf.a(__ciob.o)
                0x1ffff2c4                __Ciob
 .bss.log_status
                0x1ffff378        0x1 ./source/Logger.o
                0x1ffff378                log_status
 .bss.STATE     0x1ffff379        0x1 ./source/STATE_MACHINE.o
                0x1ffff379                STATE
 .bss.Alert_Flag
                0x1ffff37a        0x1 ./source/STATE_MACHINE.o
                0x1ffff37a                Alert_Flag
 .bss.Temperature_Data
                0x1ffff37b        0x1 ./source/TMP102.o
                0x1ffff37b                Temperature_Data
 .bss.Average_Temperature
                0x1ffff37c        0x1 ./source/TMP102.o
                0x1ffff37c                Average_Temperature
 .bss.Column    0x1ffff37d        0x1 ./source/Table_State_Machine.o
                0x1ffff37d                Column
 *(SORT_BY_ALIGNMENT(COMMON))
                0x1ffff380                . = ALIGN (0x4)
 *fill*         0x1ffff37e        0x2 
                0x1ffff380                _ebss = .
                [!provide]                PROVIDE (end = .)

.noinit         0x1ffff380        0x0 load address 0x00005de8
                0x1ffff380                . = ALIGN (0x4)
                0x1ffff380                _noinit = .
 *(SORT_BY_ALIGNMENT(.noinit*))
                0x1ffff380                . = ALIGN (0x4)
                0x1ffff380                _end_noinit = .
                0x00000400                _HeapSize = 0x400

.heap           0x1ffff380      0x400 load address 0x00005de8
                0x1ffff380                _pvHeapStart = .
                0x1ffff780                . = (. + _HeapSize)
 *fill*         0x1ffff380      0x400 
                0x1ffff780                . = ALIGN (0x4)
                0x1ffff780                _pvHeapLimit = .
                0x00000400                _StackSize = 0x400

.heap2stackfill
                0x1ffff780      0x400 load address 0x00005de8
                0x1ffffb80                . = (. + _StackSize)
 *fill*         0x1ffff780      0x400 

.stack          0x20002c00        0x0
                0x20002c00                _vStackBase = .
                0x20002c00                . = ALIGN (0x4)
                0x20003000                _vStackTop = (. + _StackSize)
                0x00000000                _image_start = LOADADDR (.text)
                0x00005de8                _image_end = (LOADADDR (.data) + SIZEOF (.data))
                0x00005de8                _image_size = (_image_end - _image_start)
OUTPUT(I2C_TEMPERATURE.axf elf32-littlearm)

.debug_info     0x00000000     0xcc26
 .debug_info    0x00000000      0xe72 ./utilities/fsl_debug_console.o
 .debug_info    0x00000e72      0x4df ./startup/startup_mkl25z4.o
 .debug_info    0x00001351      0x70c ./source/Delay_Function.o
 .debug_info    0x00001a5d      0x946 ./source/I2C_Init.o
 .debug_info    0x000023a3      0x857 ./source/LED_Blink.o
 .debug_info    0x00002bfa      0x866 ./source/Logger.o
 .debug_info    0x00003460      0x7f1 ./source/STATE_MACHINE.o
 .debug_info    0x00003c51      0x2aa ./source/System.o
 .debug_info    0x00003efb      0x627 ./source/TESTING_CONDITIONS.o
 .debug_info    0x00004522      0x6d2 ./source/TMP102.o
 .debug_info    0x00004bf4      0x803 ./source/Table_State_Machine.o
 .debug_info    0x000053f7      0x772 ./source/Unit_Testing.o
 .debug_info    0x00005b69      0x760 ./source/main.o
 .debug_info    0x000062c9       0x53 ./source/mtb.o
 .debug_info    0x0000631c       0x3c ./source/semihost_hardfault.o
 .debug_info    0x00006358     0x1a97 ./drivers/fsl_clock.o
 .debug_info    0x00007def      0x44e ./drivers/fsl_common.o
 .debug_info    0x0000823d      0x566 ./drivers/fsl_gpio.o
 .debug_info    0x000087a3     0x1469 ./drivers/fsl_lpsci.o
 .debug_info    0x00009c0c     0x140a ./drivers/fsl_uart.o
 .debug_info    0x0000b016      0x6fa ./board/board.o
 .debug_info    0x0000b710      0xafe ./board/clock_config.o
 .debug_info    0x0000c20e       0x3c ./board/peripherals.o
 .debug_info    0x0000c24a      0x5a3 ./board/pin_mux.o
 .debug_info    0x0000c7ed      0x439 ./CMSIS/system_MKL25Z4.o

.debug_abbrev   0x00000000     0x2a92
 .debug_abbrev  0x00000000      0x2d7 ./utilities/fsl_debug_console.o
 .debug_abbrev  0x000002d7      0x18d ./startup/startup_mkl25z4.o
 .debug_abbrev  0x00000464      0x1a7 ./source/Delay_Function.o
 .debug_abbrev  0x0000060b      0x1f4 ./source/I2C_Init.o
 .debug_abbrev  0x000007ff      0x1ab ./source/LED_Blink.o
 .debug_abbrev  0x000009aa      0x1e0 ./source/Logger.o
 .debug_abbrev  0x00000b8a      0x182 ./source/STATE_MACHINE.o
 .debug_abbrev  0x00000d0c      0x10c ./source/System.o
 .debug_abbrev  0x00000e18      0x187 ./source/TESTING_CONDITIONS.o
 .debug_abbrev  0x00000f9f      0x181 ./source/TMP102.o
 .debug_abbrev  0x00001120      0x181 ./source/Table_State_Machine.o
 .debug_abbrev  0x000012a1      0x16a ./source/Unit_Testing.o
 .debug_abbrev  0x0000140b      0x167 ./source/main.o
 .debug_abbrev  0x00001572       0x46 ./source/mtb.o
 .debug_abbrev  0x000015b8       0x31 ./source/semihost_hardfault.o
 .debug_abbrev  0x000015e9      0x36f ./drivers/fsl_clock.o
 .debug_abbrev  0x00001958      0x27e ./drivers/fsl_common.o
 .debug_abbrev  0x00001bd6      0x1b8 ./drivers/fsl_gpio.o
 .debug_abbrev  0x00001d8e      0x309 ./drivers/fsl_lpsci.o
 .debug_abbrev  0x00002097      0x323 ./drivers/fsl_uart.o
 .debug_abbrev  0x000023ba      0x185 ./board/board.o
 .debug_abbrev  0x0000253f      0x211 ./board/clock_config.o
 .debug_abbrev  0x00002750       0x31 ./board/peripherals.o
 .debug_abbrev  0x00002781      0x1bb ./board/pin_mux.o
 .debug_abbrev  0x0000293c      0x156 ./CMSIS/system_MKL25Z4.o

.debug_aranges  0x00000000      0xa58
 .debug_aranges
                0x00000000       0x90 ./utilities/fsl_debug_console.o
 .debug_aranges
                0x00000090      0x160 ./startup/startup_mkl25z4.o
 .debug_aranges
                0x000001f0       0x28 ./source/Delay_Function.o
 .debug_aranges
                0x00000218       0x38 ./source/I2C_Init.o
 .debug_aranges
                0x00000250       0x70 ./source/LED_Blink.o
 .debug_aranges
                0x000002c0       0x58 ./source/Logger.o
 .debug_aranges
                0x00000318       0x20 ./source/STATE_MACHINE.o
 .debug_aranges
                0x00000338       0x50 ./source/System.o
 .debug_aranges
                0x00000388       0x30 ./source/TESTING_CONDITIONS.o
 .debug_aranges
                0x000003b8       0x28 ./source/TMP102.o
 .debug_aranges
                0x000003e0       0x20 ./source/Table_State_Machine.o
 .debug_aranges
                0x00000400       0x68 ./source/Unit_Testing.o
 .debug_aranges
                0x00000468       0x20 ./source/main.o
 .debug_aranges
                0x00000488       0x18 ./source/mtb.o
 .debug_aranges
                0x000004a0       0x20 ./source/semihost_hardfault.o
 .debug_aranges
                0x000004c0      0x1d8 ./drivers/fsl_clock.o
 .debug_aranges
                0x00000698       0x38 ./drivers/fsl_common.o
 .debug_aranges
                0x000006d0       0x40 ./drivers/fsl_gpio.o
 .debug_aranges
                0x00000710      0x118 ./drivers/fsl_lpsci.o
 .debug_aranges
                0x00000828      0x130 ./drivers/fsl_uart.o
 .debug_aranges
                0x00000958       0x28 ./board/board.o
 .debug_aranges
                0x00000980       0x58 ./board/clock_config.o
 .debug_aranges
                0x000009d8       0x20 ./board/peripherals.o
 .debug_aranges
                0x000009f8       0x38 ./board/pin_mux.o
 .debug_aranges
                0x00000a30       0x28 ./CMSIS/system_MKL25Z4.o

.debug_ranges   0x00000000      0x8c0
 .debug_ranges  0x00000000       0x80 ./utilities/fsl_debug_console.o
 .debug_ranges  0x00000080      0x150 ./startup/startup_mkl25z4.o
 .debug_ranges  0x000001d0       0x18 ./source/Delay_Function.o
 .debug_ranges  0x000001e8       0x28 ./source/I2C_Init.o
 .debug_ranges  0x00000210       0x60 ./source/LED_Blink.o
 .debug_ranges  0x00000270       0x48 ./source/Logger.o
 .debug_ranges  0x000002b8       0x10 ./source/STATE_MACHINE.o
 .debug_ranges  0x000002c8       0x40 ./source/System.o
 .debug_ranges  0x00000308       0x20 ./source/TESTING_CONDITIONS.o
 .debug_ranges  0x00000328       0x18 ./source/TMP102.o
 .debug_ranges  0x00000340       0x10 ./source/Table_State_Machine.o
 .debug_ranges  0x00000350       0x58 ./source/Unit_Testing.o
 .debug_ranges  0x000003a8       0x10 ./source/main.o
 .debug_ranges  0x000003b8       0x10 ./source/semihost_hardfault.o
 .debug_ranges  0x000003c8      0x1c8 ./drivers/fsl_clock.o
 .debug_ranges  0x00000590       0x28 ./drivers/fsl_common.o
 .debug_ranges  0x000005b8       0x30 ./drivers/fsl_gpio.o
 .debug_ranges  0x000005e8      0x108 ./drivers/fsl_lpsci.o
 .debug_ranges  0x000006f0      0x120 ./drivers/fsl_uart.o
 .debug_ranges  0x00000810       0x18 ./board/board.o
 .debug_ranges  0x00000828       0x48 ./board/clock_config.o
 .debug_ranges  0x00000870       0x10 ./board/peripherals.o
 .debug_ranges  0x00000880       0x28 ./board/pin_mux.o
 .debug_ranges  0x000008a8       0x18 ./CMSIS/system_MKL25Z4.o

.debug_macro    0x00000000     0xa90e
 .debug_macro   0x00000000      0x127 ./utilities/fsl_debug_console.o
 .debug_macro   0x00000127      0xaa8 ./utilities/fsl_debug_console.o
 .debug_macro   0x00000bcf       0x10 ./utilities/fsl_debug_console.o
 .debug_macro   0x00000bdf       0x16 ./utilities/fsl_debug_console.o
 .debug_macro   0x00000bf5       0x10 ./utilities/fsl_debug_console.o
 .debug_macro   0x00000c05      0x12e ./utilities/fsl_debug_console.o
 .debug_macro   0x00000d33       0x28 ./utilities/fsl_debug_console.o
 .debug_macro   0x00000d5b       0xc4 ./utilities/fsl_debug_console.o
 .debug_macro   0x00000e1f       0x16 ./utilities/fsl_debug_console.o
 .debug_macro   0x00000e35       0x22 ./utilities/fsl_debug_console.o
 .debug_macro   0x00000e57      0x5b3 ./utilities/fsl_debug_console.o
 .debug_macro   0x0000140a       0x10 ./utilities/fsl_debug_console.o
 .debug_macro   0x0000141a       0x3f ./utilities/fsl_debug_console.o
 .debug_macro   0x00001459       0x3a ./utilities/fsl_debug_console.o
 .debug_macro   0x00001493       0x26 ./utilities/fsl_debug_console.o
 .debug_macro   0x000014b9      0x329 ./utilities/fsl_debug_console.o
 .debug_macro   0x000017e2       0x30 ./utilities/fsl_debug_console.o
 .debug_macro   0x00001812     0x51e2 ./utilities/fsl_debug_console.o
 .debug_macro   0x000069f4     0x1352 ./utilities/fsl_debug_console.o
 .debug_macro   0x00007d46       0x3a ./utilities/fsl_debug_console.o
 .debug_macro   0x00007d80       0xf4 ./utilities/fsl_debug_console.o
 .debug_macro   0x00007e74       0x35 ./utilities/fsl_debug_console.o
 .debug_macro   0x00007ea9       0x2e ./utilities/fsl_debug_console.o
 .debug_macro   0x00007ed7       0x10 ./utilities/fsl_debug_console.o
 .debug_macro   0x00007ee7       0x10 ./utilities/fsl_debug_console.o
 .debug_macro   0x00007ef7       0x29 ./startup/startup_mkl25z4.o
 .debug_macro   0x00007f20      0x142 ./source/Delay_Function.o
 .debug_macro   0x00008062       0xd8 ./source/Delay_Function.o
 .debug_macro   0x0000813a       0x16 ./source/Delay_Function.o
 .debug_macro   0x00008150       0x10 ./source/Delay_Function.o
 .debug_macro   0x00008160      0x112 ./source/Delay_Function.o
 .debug_macro   0x00008272       0x64 ./source/Delay_Function.o
 .debug_macro   0x000082d6       0x34 ./source/Delay_Function.o
 .debug_macro   0x0000830a      0x14b ./source/I2C_Init.o
 .debug_macro   0x00008455       0x34 ./source/I2C_Init.o
 .debug_macro   0x00008489      0x142 ./source/LED_Blink.o
 .debug_macro   0x000085cb      0x1d5 ./source/Logger.o
 .debug_macro   0x000087a0       0x4c ./source/Logger.o
 .debug_macro   0x000087ec       0x10 ./source/Logger.o
 .debug_macro   0x000087fc      0x304 ./source/STATE_MACHINE.o
 .debug_macro   0x00008b00       0x16 ./source/STATE_MACHINE.o
 .debug_macro   0x00008b16      0x11b ./source/System.o
 .debug_macro   0x00008c31       0x22 ./source/System.o
 .debug_macro   0x00008c53      0x21c ./source/TESTING_CONDITIONS.o
 .debug_macro   0x00008e6f      0x1ff ./source/TMP102.o
 .debug_macro   0x0000906e      0x1cd ./source/Table_State_Machine.o
 .debug_macro   0x0000923b      0x481 ./source/Unit_Testing.o
 .debug_macro   0x000096bc      0x111 ./source/Unit_Testing.o
 .debug_macro   0x000097cd       0xd2 ./source/Unit_Testing.o
 .debug_macro   0x0000989f      0x546 ./source/main.o
 .debug_macro   0x00009de5      0x10a ./source/main.o
 .debug_macro   0x00009eef       0x2f ./source/mtb.o
 .debug_macro   0x00009f1e       0x82 ./source/mtb.o
 .debug_macro   0x00009fa0       0x10 ./source/mtb.o
 .debug_macro   0x00009fb0       0x11 ./source/semihost_hardfault.o
 .debug_macro   0x00009fc1      0x196 ./drivers/fsl_clock.o
 .debug_macro   0x0000a157       0x1c ./drivers/fsl_clock.o
 .debug_macro   0x0000a173       0xef ./drivers/fsl_common.o
 .debug_macro   0x0000a262       0xec ./drivers/fsl_gpio.o
 .debug_macro   0x0000a34e       0xec ./drivers/fsl_lpsci.o
 .debug_macro   0x0000a43a       0xf2 ./drivers/fsl_uart.o
 .debug_macro   0x0000a52c      0x112 ./board/board.o
 .debug_macro   0x0000a63e      0x123 ./board/clock_config.o
 .debug_macro   0x0000a761       0x1b ./board/peripherals.o
 .debug_macro   0x0000a77c       0xee ./board/pin_mux.o
 .debug_macro   0x0000a86a       0x10 ./board/pin_mux.o
 .debug_macro   0x0000a87a       0x94 ./CMSIS/system_MKL25Z4.o

.debug_line     0x00000000     0x7f07
 .debug_line    0x00000000      0xc18 ./utilities/fsl_debug_console.o
 .debug_line    0x00000c18      0x1e7 ./startup/startup_mkl25z4.o
 .debug_line    0x00000dff      0x368 ./source/Delay_Function.o
 .debug_line    0x00001167      0x55d ./source/I2C_Init.o
 .debug_line    0x000016c4      0x402 ./source/LED_Blink.o
 .debug_line    0x00001ac6      0x434 ./source/Logger.o
 .debug_line    0x00001efa      0x47b ./source/STATE_MACHINE.o
 .debug_line    0x00002375      0x342 ./source/System.o
 .debug_line    0x000026b7      0x3a7 ./source/TESTING_CONDITIONS.o
 .debug_line    0x00002a5e      0x398 ./source/TMP102.o
 .debug_line    0x00002df6      0x46f ./source/Table_State_Machine.o
 .debug_line    0x00003265      0x720 ./source/Unit_Testing.o
 .debug_line    0x00003985      0x3c3 ./source/main.o
 .debug_line    0x00003d48       0xd1 ./source/mtb.o
 .debug_line    0x00003e19       0x5a ./source/semihost_hardfault.o
 .debug_line    0x00003e73     0x12b1 ./drivers/fsl_clock.o
 .debug_line    0x00005124      0x350 ./drivers/fsl_common.o
 .debug_line    0x00005474      0x34b ./drivers/fsl_gpio.o
 .debug_line    0x000057bf      0xd32 ./drivers/fsl_lpsci.o
 .debug_line    0x000064f1      0xd21 ./drivers/fsl_uart.o
 .debug_line    0x00007212      0x2e3 ./board/board.o
 .debug_line    0x000074f5      0x373 ./board/clock_config.o
 .debug_line    0x00007868       0x5c ./board/peripherals.o
 .debug_line    0x000078c4      0x304 ./board/pin_mux.o
 .debug_line    0x00007bc8      0x33f ./CMSIS/system_MKL25Z4.o

.debug_str      0x00000000    0x37cee
 .debug_str     0x00000000    0x314cf ./utilities/fsl_debug_console.o
                              0x31773 (size before relaxing)
 .debug_str     0x000314cf      0x3e1 ./startup/startup_mkl25z4.o
                               0x31c6 (size before relaxing)
 .debug_str     0x000318b0     0x12e1 ./source/Delay_Function.o
                              0x31d4c (size before relaxing)
 .debug_str     0x00032b91      0x2b3 ./source/I2C_Init.o
                              0x31b48 (size before relaxing)
 .debug_str     0x00032e44      0x172 ./source/LED_Blink.o
                              0x31e59 (size before relaxing)
 .debug_str     0x00032fb6      0x2a0 ./source/Logger.o
                              0x320f5 (size before relaxing)
 .debug_str     0x00033256       0xdb ./source/STATE_MACHINE.o
                              0x32064 (size before relaxing)
 .debug_str     0x00033331       0x89 ./source/System.o
                              0x30a0d (size before relaxing)
 .debug_str     0x000333ba       0x39 ./source/TESTING_CONDITIONS.o
                              0x31b47 (size before relaxing)
 .debug_str     0x000333f3       0x38 ./source/TMP102.o
                              0x31fc4 (size before relaxing)
 .debug_str     0x0003342b      0x143 ./source/Table_State_Machine.o
                              0x3212b (size before relaxing)
 .debug_str     0x0003356e     0x1264 ./source/Unit_Testing.o
                              0x32dd6 (size before relaxing)
 .debug_str     0x000347d2       0x20 ./source/main.o
                              0x33142 (size before relaxing)
 .debug_str     0x000347f2      0x532 ./source/mtb.o
                               0x32d2 (size before relaxing)
 .debug_str     0x00034d24       0x1f ./source/semihost_hardfault.o
                               0x2dbf (size before relaxing)
 .debug_str     0x00034d43     0x14db ./drivers/fsl_clock.o
                              0x322cd (size before relaxing)
 .debug_str     0x0003621e      0x2d6 ./drivers/fsl_common.o
                              0x308b4 (size before relaxing)
 .debug_str     0x000364f4       0xb1 ./drivers/fsl_gpio.o
                              0x30b32 (size before relaxing)
 .debug_str     0x000365a5      0x9c0 ./drivers/fsl_lpsci.o
                              0x318d5 (size before relaxing)
 .debug_str     0x00036f65      0x832 ./drivers/fsl_uart.o
                              0x318f8 (size before relaxing)
 .debug_str     0x00037797       0x4c ./board/board.o
                              0x31412 (size before relaxing)
 .debug_str     0x000377e3      0x300 ./board/clock_config.o
                              0x311fb (size before relaxing)
 .debug_str     0x00037ae3       0x31 ./board/peripherals.o
                               0x2dd0 (size before relaxing)
 .debug_str     0x00037b14      0x18b ./board/pin_mux.o
                              0x30b0f (size before relaxing)
 .debug_str     0x00037c9f       0x4f ./CMSIS/system_MKL25Z4.o
                              0x2fc37 (size before relaxing)

.comment        0x00000000       0x75
 .comment       0x00000000       0x75 ./utilities/fsl_debug_console.o
                                 0x76 (size before relaxing)
 .comment       0x00000075       0x76 ./startup/startup_mkl25z4.o
 .comment       0x00000075       0x76 ./source/Delay_Function.o
 .comment       0x00000075       0x76 ./source/I2C_Init.o
 .comment       0x00000075       0x76 ./source/LED_Blink.o
 .comment       0x00000075       0x76 ./source/Logger.o
 .comment       0x00000075       0x76 ./source/STATE_MACHINE.o
 .comment       0x00000075       0x76 ./source/System.o
 .comment       0x00000075       0x76 ./source/TESTING_CONDITIONS.o
 .comment       0x00000075       0x76 ./source/TMP102.o
 .comment       0x00000075       0x76 ./source/Table_State_Machine.o
 .comment       0x00000075       0x76 ./source/Unit_Testing.o
 .comment       0x00000075       0x76 ./source/main.o
 .comment       0x00000075       0x76 ./source/mtb.o
 .comment       0x00000075       0x76 ./source/semihost_hardfault.o
 .comment       0x00000075       0x76 ./drivers/fsl_clock.o
 .comment       0x00000075       0x76 ./drivers/fsl_common.o
 .comment       0x00000075       0x76 ./drivers/fsl_gpio.o
 .comment       0x00000075       0x76 ./drivers/fsl_lpsci.o
 .comment       0x00000075       0x76 ./drivers/fsl_uart.o
 .comment       0x00000075       0x76 ./board/board.o
 .comment       0x00000075       0x76 ./board/clock_config.o
 .comment       0x00000075       0x76 ./board/peripherals.o
 .comment       0x00000075       0x76 ./board/pin_mux.o
 .comment       0x00000075       0x76 ./CMSIS/system_MKL25Z4.o
 .comment       0x00000075       0x76 c:/nxp/mcuxpressoide_11.0.1_2563/ide/plugins/com.nxp.mcuxpresso.tools.win32_11.0.1.201907311258/tools/bin/../lib/gcc/arm-none-eabi/8.2.1/../../../../arm-none-eabi/lib/thumb/v6-m/nofp\libcr_nohost_nf.a(_cr__main.o)
 .comment       0x00000075       0x76 c:/nxp/mcuxpressoide_11.0.1_2563/ide/plugins/com.nxp.mcuxpresso.tools.win32_11.0.1.201907311258/tools/bin/../lib/gcc/arm-none-eabi/8.2.1/../../../../arm-none-eabi/lib/thumb/v6-m/nofp\libcr_c.a(memset.o)
 .comment       0x00000075       0x76 c:/nxp/mcuxpressoide_11.0.1_2563/ide/plugins/com.nxp.mcuxpresso.tools.win32_11.0.1.201907311258/tools/bin/../lib/gcc/arm-none-eabi/8.2.1/../../../../arm-none-eabi/lib/thumb/v6-m/nofp\libcr_c.a(initio.o)
 .comment       0x00000075       0x76 c:/nxp/mcuxpressoide_11.0.1_2563/ide/plugins/com.nxp.mcuxpresso.tools.win32_11.0.1.201907311258/tools/bin/../lib/gcc/arm-none-eabi/8.2.1/../../../../arm-none-eabi/lib/thumb/v6-m/nofp\libcr_c.a(setvbuf.o)
 .comment       0x00000075       0x76 c:/nxp/mcuxpressoide_11.0.1_2563/ide/plugins/com.nxp.mcuxpresso.tools.win32_11.0.1.201907311258/tools/bin/../lib/gcc/arm-none-eabi/8.2.1/../../../../arm-none-eabi/lib/thumb/v6-m/nofp\libcr_c.a(strlen.o)
 .comment       0x00000075       0x76 c:/nxp/mcuxpressoide_11.0.1_2563/ide/plugins/com.nxp.mcuxpresso.tools.win32_11.0.1.201907311258/tools/bin/../lib/gcc/arm-none-eabi/8.2.1/../../../../arm-none-eabi/lib/thumb/v6-m/nofp\libcr_c.a(_fdopen.o)
 .comment       0x00000075       0x76 c:/nxp/mcuxpressoide_11.0.1_2563/ide/plugins/com.nxp.mcuxpresso.tools.win32_11.0.1.201907311258/tools/bin/../lib/gcc/arm-none-eabi/8.2.1/../../../../arm-none-eabi/lib/thumb/v6-m/nofp\libcr_c.a(fclose.o)
 .comment       0x00000075       0x76 c:/nxp/mcuxpressoide_11.0.1_2563/ide/plugins/com.nxp.mcuxpresso.tools.win32_11.0.1.201907311258/tools/bin/../lib/gcc/arm-none-eabi/8.2.1/../../../../arm-none-eabi/lib/thumb/v6-m/nofp\libcr_c.a(fflush.o)
 .comment       0x00000075       0x76 c:/nxp/mcuxpressoide_11.0.1_2563/ide/plugins/com.nxp.mcuxpresso.tools.win32_11.0.1.201907311258/tools/bin/../lib/gcc/arm-none-eabi/8.2.1/../../../../arm-none-eabi/lib/thumb/v6-m/nofp\libcr_c.a(fseek.o)
 .comment       0x00000075       0x76 c:/nxp/mcuxpressoide_11.0.1_2563/ide/plugins/com.nxp.mcuxpresso.tools.win32_11.0.1.201907311258/tools/bin/../lib/gcc/arm-none-eabi/8.2.1/../../../../arm-none-eabi/lib/thumb/v6-m/nofp\libcr_c.a(ftell.o)
 .comment       0x00000075       0x76 c:/nxp/mcuxpressoide_11.0.1_2563/ide/plugins/com.nxp.mcuxpresso.tools.win32_11.0.1.201907311258/tools/bin/../lib/gcc/arm-none-eabi/8.2.1/../../../../arm-none-eabi/lib/thumb/v6-m/nofp\libcr_c.a(remove.o)
 .comment       0x00000075       0x76 c:/nxp/mcuxpressoide_11.0.1_2563/ide/plugins/com.nxp.mcuxpresso.tools.win32_11.0.1.201907311258/tools/bin/../lib/gcc/arm-none-eabi/8.2.1/../../../../arm-none-eabi/lib/thumb/v6-m/nofp\libcr_c.a(_do_fflush.o)
 .comment       0x00000075       0x76 c:/nxp/mcuxpressoide_11.0.1_2563/ide/plugins/com.nxp.mcuxpresso.tools.win32_11.0.1.201907311258/tools/bin/../lib/gcc/arm-none-eabi/8.2.1/../../../../arm-none-eabi/lib/thumb/v6-m/nofp\libcr_c.a(_fflush.o)
 .comment       0x00000075       0x76 c:/nxp/mcuxpressoide_11.0.1_2563/ide/plugins/com.nxp.mcuxpresso.tools.win32_11.0.1.201907311258/tools/bin/../lib/gcc/arm-none-eabi/8.2.1/../../../../arm-none-eabi/lib/thumb/v6-m/nofp\libcr_c.a(_writebuf.o)
 .comment       0x00000075       0x76 c:/nxp/mcuxpressoide_11.0.1_2563/ide/plugins/com.nxp.mcuxpresso.tools.win32_11.0.1.201907311258/tools/bin/../lib/gcc/arm-none-eabi/8.2.1/../../../../arm-none-eabi/lib/thumb/v6-m/nofp\libcr_c.a(alloc.o)
 .comment       0x00000075       0x76 c:/nxp/mcuxpressoide_11.0.1_2563/ide/plugins/com.nxp.mcuxpresso.tools.win32_11.0.1.201907311258/tools/bin/../lib/gcc/arm-none-eabi/8.2.1/../../../../arm-none-eabi/lib/thumb/v6-m/nofp\libcr_c.a(errno.o)
 .comment       0x00000075       0x76 c:/nxp/mcuxpressoide_11.0.1_2563/ide/plugins/com.nxp.mcuxpresso.tools.win32_11.0.1.201907311258/tools/bin/../lib/gcc/arm-none-eabi/8.2.1/../../../../arm-none-eabi/lib/thumb/v6-m/nofp\libcr_c.a(_deferredlazyseek.o)
 .comment       0x00000075       0x76 c:/nxp/mcuxpressoide_11.0.1_2563/ide/plugins/com.nxp.mcuxpresso.tools.win32_11.0.1.201907311258/tools/bin/../lib/gcc/arm-none-eabi/8.2.1/../../../../arm-none-eabi/lib/thumb/v6-m/nofp\libcr_nohost_nf.a(__ciob.o)
 .comment       0x00000075       0x76 c:/nxp/mcuxpressoide_11.0.1_2563/ide/plugins/com.nxp.mcuxpresso.tools.win32_11.0.1.201907311258/tools/bin/../lib/gcc/arm-none-eabi/8.2.1/../../../../arm-none-eabi/lib/thumb/v6-m/nofp\libcr_nohost_nf.a(__sys_close.o)
 .comment       0x00000075       0x76 c:/nxp/mcuxpressoide_11.0.1_2563/ide/plugins/com.nxp.mcuxpresso.tools.win32_11.0.1.201907311258/tools/bin/../lib/gcc/arm-none-eabi/8.2.1/../../../../arm-none-eabi/lib/thumb/v6-m/nofp\libcr_nohost_nf.a(__sys_flen.o)
 .comment       0x00000075       0x76 c:/nxp/mcuxpressoide_11.0.1_2563/ide/plugins/com.nxp.mcuxpresso.tools.win32_11.0.1.201907311258/tools/bin/../lib/gcc/arm-none-eabi/8.2.1/../../../../arm-none-eabi/lib/thumb/v6-m/nofp\libcr_nohost_nf.a(__sys_istty.o)
 .comment       0x00000075       0x76 c:/nxp/mcuxpressoide_11.0.1_2563/ide/plugins/com.nxp.mcuxpresso.tools.win32_11.0.1.201907311258/tools/bin/../lib/gcc/arm-none-eabi/8.2.1/../../../../arm-none-eabi/lib/thumb/v6-m/nofp\libcr_nohost_nf.a(__sys_remove.o)
 .comment       0x00000075       0x76 c:/nxp/mcuxpressoide_11.0.1_2563/ide/plugins/com.nxp.mcuxpresso.tools.win32_11.0.1.201907311258/tools/bin/../lib/gcc/arm-none-eabi/8.2.1/../../../../arm-none-eabi/lib/thumb/v6-m/nofp\libcr_nohost_nf.a(__sys_seek.o)
 .comment       0x00000075       0x76 c:/nxp/mcuxpressoide_11.0.1_2563/ide/plugins/com.nxp.mcuxpresso.tools.win32_11.0.1.201907311258/tools/bin/../lib/gcc/arm-none-eabi/8.2.1/../../../../arm-none-eabi/lib/thumb/v6-m/nofp\libcr_nohost_nf.a(__sys_tmpnam.o)
 .comment       0x00000075       0x76 c:/nxp/mcuxpressoide_11.0.1_2563/ide/plugins/com.nxp.mcuxpresso.tools.win32_11.0.1.201907311258/tools/bin/../lib/gcc/arm-none-eabi/8.2.1/../../../../arm-none-eabi/lib/thumb/v6-m/nofp\libcr_nohost_nf.a(__sys_write.o)

.ARM.attributes
                0x00000000       0x2a
 .ARM.attributes
                0x00000000       0x2c ./utilities/fsl_debug_console.o
 .ARM.attributes
                0x0000002c       0x2c ./startup/startup_mkl25z4.o
 .ARM.attributes
                0x00000058       0x2c ./source/Delay_Function.o
 .ARM.attributes
                0x00000084       0x2c ./source/I2C_Init.o
 .ARM.attributes
                0x000000b0       0x2c ./source/LED_Blink.o
 .ARM.attributes
                0x000000dc       0x2c ./source/Logger.o
 .ARM.attributes
                0x00000108       0x2c ./source/STATE_MACHINE.o
 .ARM.attributes
                0x00000134       0x2c ./source/System.o
 .ARM.attributes
                0x00000160       0x2c ./source/TESTING_CONDITIONS.o
 .ARM.attributes
                0x0000018c       0x2c ./source/TMP102.o
 .ARM.attributes
                0x000001b8       0x2c ./source/Table_State_Machine.o
 .ARM.attributes
                0x000001e4       0x2c ./source/Unit_Testing.o
 .ARM.attributes
                0x00000210       0x2c ./source/main.o
 .ARM.attributes
                0x0000023c       0x32 ./source/mtb.o
 .ARM.attributes
                0x0000026e       0x2c ./source/semihost_hardfault.o
 .ARM.attributes
                0x0000029a       0x2c ./drivers/fsl_clock.o
 .ARM.attributes
                0x000002c6       0x2c ./drivers/fsl_common.o
 .ARM.attributes
                0x000002f2       0x2c ./drivers/fsl_gpio.o
 .ARM.attributes
                0x0000031e       0x2c ./drivers/fsl_lpsci.o
 .ARM.attributes
                0x0000034a       0x2c ./drivers/fsl_uart.o
 .ARM.attributes
                0x00000376       0x2c ./board/board.o
 .ARM.attributes
                0x000003a2       0x2c ./board/clock_config.o
 .ARM.attributes
                0x000003ce       0x2c ./board/peripherals.o
 .ARM.attributes
                0x000003fa       0x2c ./board/pin_mux.o
 .ARM.attributes
                0x00000426       0x2c ./CMSIS/system_MKL25Z4.o
 .ARM.attributes
                0x00000452       0x2c c:/nxp/mcuxpressoide_11.0.1_2563/ide/plugins/com.nxp.mcuxpresso.tools.win32_11.0.1.201907311258/tools/bin/../lib/gcc/arm-none-eabi/8.2.1/../../../../arm-none-eabi/lib/thumb/v6-m/nofp\libcr_nohost_nf.a(_cr__main.o)
 .ARM.attributes
                0x0000047e       0x2c c:/nxp/mcuxpressoide_11.0.1_2563/ide/plugins/com.nxp.mcuxpresso.tools.win32_11.0.1.201907311258/tools/bin/../lib/gcc/arm-none-eabi/8.2.1/../../../../arm-none-eabi/lib/thumb/v6-m/nofp\libcr_c.a(memset.o)
 .ARM.attributes
                0x000004aa       0x2c c:/nxp/mcuxpressoide_11.0.1_2563/ide/plugins/com.nxp.mcuxpresso.tools.win32_11.0.1.201907311258/tools/bin/../lib/gcc/arm-none-eabi/8.2.1/../../../../arm-none-eabi/lib/thumb/v6-m/nofp\libcr_c.a(initio.o)
 .ARM.attributes
                0x000004d6       0x2c c:/nxp/mcuxpressoide_11.0.1_2563/ide/plugins/com.nxp.mcuxpresso.tools.win32_11.0.1.201907311258/tools/bin/../lib/gcc/arm-none-eabi/8.2.1/../../../../arm-none-eabi/lib/thumb/v6-m/nofp\libcr_c.a(setvbuf.o)
 .ARM.attributes
                0x00000502       0x2c c:/nxp/mcuxpressoide_11.0.1_2563/ide/plugins/com.nxp.mcuxpresso.tools.win32_11.0.1.201907311258/tools/bin/../lib/gcc/arm-none-eabi/8.2.1/../../../../arm-none-eabi/lib/thumb/v6-m/nofp\libcr_c.a(strlen.o)
 .ARM.attributes
                0x0000052e       0x2c c:/nxp/mcuxpressoide_11.0.1_2563/ide/plugins/com.nxp.mcuxpresso.tools.win32_11.0.1.201907311258/tools/bin/../lib/gcc/arm-none-eabi/8.2.1/../../../../arm-none-eabi/lib/thumb/v6-m/nofp\libcr_c.a(_fdopen.o)
 .ARM.attributes
                0x0000055a       0x2c c:/nxp/mcuxpressoide_11.0.1_2563/ide/plugins/com.nxp.mcuxpresso.tools.win32_11.0.1.201907311258/tools/bin/../lib/gcc/arm-none-eabi/8.2.1/../../../../arm-none-eabi/lib/thumb/v6-m/nofp\libcr_c.a(fclose.o)
 .ARM.attributes
                0x00000586       0x2c c:/nxp/mcuxpressoide_11.0.1_2563/ide/plugins/com.nxp.mcuxpresso.tools.win32_11.0.1.201907311258/tools/bin/../lib/gcc/arm-none-eabi/8.2.1/../../../../arm-none-eabi/lib/thumb/v6-m/nofp\libcr_c.a(fflush.o)
 .ARM.attributes
                0x000005b2       0x2c c:/nxp/mcuxpressoide_11.0.1_2563/ide/plugins/com.nxp.mcuxpresso.tools.win32_11.0.1.201907311258/tools/bin/../lib/gcc/arm-none-eabi/8.2.1/../../../../arm-none-eabi/lib/thumb/v6-m/nofp\libcr_c.a(fseek.o)
 .ARM.attributes
                0x000005de       0x2c c:/nxp/mcuxpressoide_11.0.1_2563/ide/plugins/com.nxp.mcuxpresso.tools.win32_11.0.1.201907311258/tools/bin/../lib/gcc/arm-none-eabi/8.2.1/../../../../arm-none-eabi/lib/thumb/v6-m/nofp\libcr_c.a(ftell.o)
 .ARM.attributes
                0x0000060a       0x2c c:/nxp/mcuxpressoide_11.0.1_2563/ide/plugins/com.nxp.mcuxpresso.tools.win32_11.0.1.201907311258/tools/bin/../lib/gcc/arm-none-eabi/8.2.1/../../../../arm-none-eabi/lib/thumb/v6-m/nofp\libcr_c.a(remove.o)
 .ARM.attributes
                0x00000636       0x2c c:/nxp/mcuxpressoide_11.0.1_2563/ide/plugins/com.nxp.mcuxpresso.tools.win32_11.0.1.201907311258/tools/bin/../lib/gcc/arm-none-eabi/8.2.1/../../../../arm-none-eabi/lib/thumb/v6-m/nofp\libcr_c.a(_do_fflush.o)
 .ARM.attributes
                0x00000662       0x2c c:/nxp/mcuxpressoide_11.0.1_2563/ide/plugins/com.nxp.mcuxpresso.tools.win32_11.0.1.201907311258/tools/bin/../lib/gcc/arm-none-eabi/8.2.1/../../../../arm-none-eabi/lib/thumb/v6-m/nofp\libcr_c.a(_fflush.o)
 .ARM.attributes
                0x0000068e       0x2c c:/nxp/mcuxpressoide_11.0.1_2563/ide/plugins/com.nxp.mcuxpresso.tools.win32_11.0.1.201907311258/tools/bin/../lib/gcc/arm-none-eabi/8.2.1/../../../../arm-none-eabi/lib/thumb/v6-m/nofp\libcr_c.a(_writebuf.o)
 .ARM.attributes
                0x000006ba       0x2c c:/nxp/mcuxpressoide_11.0.1_2563/ide/plugins/com.nxp.mcuxpresso.tools.win32_11.0.1.201907311258/tools/bin/../lib/gcc/arm-none-eabi/8.2.1/../../../../arm-none-eabi/lib/thumb/v6-m/nofp\libcr_c.a(alloc.o)
 .ARM.attributes
                0x000006e6       0x31 c:/nxp/mcuxpressoide_11.0.1_2563/ide/plugins/com.nxp.mcuxpresso.tools.win32_11.0.1.201907311258/tools/bin/../lib/gcc/arm-none-eabi/8.2.1/../../../../arm-none-eabi/lib/thumb/v6-m/nofp\libcr_c.a(errno.o)
 .ARM.attributes
                0x00000717       0x2c c:/nxp/mcuxpressoide_11.0.1_2563/ide/plugins/com.nxp.mcuxpresso.tools.win32_11.0.1.201907311258/tools/bin/../lib/gcc/arm-none-eabi/8.2.1/../../../../arm-none-eabi/lib/thumb/v6-m/nofp\libcr_c.a(_deferredlazyseek.o)
 .ARM.attributes
                0x00000743       0x1c c:/nxp/mcuxpressoide_11.0.1_2563/ide/plugins/com.nxp.mcuxpresso.tools.win32_11.0.1.201907311258/tools/bin/../lib/gcc/arm-none-eabi/8.2.1/thumb/v6-m/nofp\libcr_eabihelpers.a(division_32.o)
 .ARM.attributes
                0x0000075f       0x1c c:/nxp/mcuxpressoide_11.0.1_2563/ide/plugins/com.nxp.mcuxpresso.tools.win32_11.0.1.201907311258/tools/bin/../lib/gcc/arm-none-eabi/8.2.1/thumb/v6-m/nofp\libcr_eabihelpers.a(division_idiv0.o)
 .ARM.attributes
                0x0000077b       0x1c c:/nxp/mcuxpressoide_11.0.1_2563/ide/plugins/com.nxp.mcuxpresso.tools.win32_11.0.1.201907311258/tools/bin/../lib/gcc/arm-none-eabi/8.2.1/thumb/v6-m/nofp\libcr_eabihelpers.a(memcpy.o)
 .ARM.attributes
                0x00000797       0x31 c:/nxp/mcuxpressoide_11.0.1_2563/ide/plugins/com.nxp.mcuxpresso.tools.win32_11.0.1.201907311258/tools/bin/../lib/gcc/arm-none-eabi/8.2.1/../../../../arm-none-eabi/lib/thumb/v6-m/nofp\libcr_nohost_nf.a(__ciob.o)
 .ARM.attributes
                0x000007c8       0x2c c:/nxp/mcuxpressoide_11.0.1_2563/ide/plugins/com.nxp.mcuxpresso.tools.win32_11.0.1.201907311258/tools/bin/../lib/gcc/arm-none-eabi/8.2.1/../../../../arm-none-eabi/lib/thumb/v6-m/nofp\libcr_nohost_nf.a(__sys_close.o)
 .ARM.attributes
                0x000007f4       0x2c c:/nxp/mcuxpressoide_11.0.1_2563/ide/plugins/com.nxp.mcuxpresso.tools.win32_11.0.1.201907311258/tools/bin/../lib/gcc/arm-none-eabi/8.2.1/../../../../arm-none-eabi/lib/thumb/v6-m/nofp\libcr_nohost_nf.a(__sys_flen.o)
 .ARM.attributes
                0x00000820       0x2c c:/nxp/mcuxpressoide_11.0.1_2563/ide/plugins/com.nxp.mcuxpresso.tools.win32_11.0.1.201907311258/tools/bin/../lib/gcc/arm-none-eabi/8.2.1/../../../../arm-none-eabi/lib/thumb/v6-m/nofp\libcr_nohost_nf.a(__sys_istty.o)
 .ARM.attributes
                0x0000084c       0x2c c:/nxp/mcuxpressoide_11.0.1_2563/ide/plugins/com.nxp.mcuxpresso.tools.win32_11.0.1.201907311258/tools/bin/../lib/gcc/arm-none-eabi/8.2.1/../../../../arm-none-eabi/lib/thumb/v6-m/nofp\libcr_nohost_nf.a(__sys_remove.o)
 .ARM.attributes
                0x00000878       0x2c c:/nxp/mcuxpressoide_11.0.1_2563/ide/plugins/com.nxp.mcuxpresso.tools.win32_11.0.1.201907311258/tools/bin/../lib/gcc/arm-none-eabi/8.2.1/../../../../arm-none-eabi/lib/thumb/v6-m/nofp\libcr_nohost_nf.a(__sys_seek.o)
 .ARM.attributes
                0x000008a4       0x2c c:/nxp/mcuxpressoide_11.0.1_2563/ide/plugins/com.nxp.mcuxpresso.tools.win32_11.0.1.201907311258/tools/bin/../lib/gcc/arm-none-eabi/8.2.1/../../../../arm-none-eabi/lib/thumb/v6-m/nofp\libcr_nohost_nf.a(__sys_tmpnam.o)
 .ARM.attributes
                0x000008d0       0x2c c:/nxp/mcuxpressoide_11.0.1_2563/ide/plugins/com.nxp.mcuxpresso.tools.win32_11.0.1.201907311258/tools/bin/../lib/gcc/arm-none-eabi/8.2.1/../../../../arm-none-eabi/lib/thumb/v6-m/nofp\libcr_nohost_nf.a(__sys_write.o)

.debug_frame    0x00000000     0x1f5c
 .debug_frame   0x00000000      0x1f0 ./utilities/fsl_debug_console.o
 .debug_frame   0x000001f0      0x3b0 ./startup/startup_mkl25z4.o
 .debug_frame   0x000005a0       0x50 ./source/Delay_Function.o
 .debug_frame   0x000005f0       0x90 ./source/I2C_Init.o
 .debug_frame   0x00000680      0x14c ./source/LED_Blink.o
 .debug_frame   0x000007cc      0x104 ./source/Logger.o
 .debug_frame   0x000008d0       0x34 ./source/STATE_MACHINE.o
 .debug_frame   0x00000904       0xe0 ./source/System.o
 .debug_frame   0x000009e4       0x6c ./source/TESTING_CONDITIONS.o
 .debug_frame   0x00000a50       0x4c ./source/TMP102.o
 .debug_frame   0x00000a9c       0x30 ./source/Table_State_Machine.o
 .debug_frame   0x00000acc      0x150 ./source/Unit_Testing.o
 .debug_frame   0x00000c1c       0x30 ./source/main.o
 .debug_frame   0x00000c4c       0x20 ./source/semihost_hardfault.o
 .debug_frame   0x00000c6c      0x6e0 ./drivers/fsl_clock.o
 .debug_frame   0x0000134c       0x90 ./drivers/fsl_common.o
 .debug_frame   0x000013dc       0xb0 ./drivers/fsl_gpio.o
 .debug_frame   0x0000148c      0x418 ./drivers/fsl_lpsci.o
 .debug_frame   0x000018a4      0x468 ./drivers/fsl_uart.o
 .debug_frame   0x00001d0c       0x50 ./board/board.o
 .debug_frame   0x00001d5c      0x100 ./board/clock_config.o
 .debug_frame   0x00001e5c       0x2c ./board/peripherals.o
 .debug_frame   0x00001e88       0x88 ./board/pin_mux.o
 .debug_frame   0x00001f10       0x4c ./CMSIS/system_MKL25Z4.o

Cross Reference Table

Symbol                                            File
ADC0_DriverIRQHandler                             ./startup/startup_mkl25z4.o
ADC0_IRQHandler                                   ./startup/startup_mkl25z4.o
Alert                                             ./source/TESTING_CONDITIONS.o
                                                  ./source/Table_State_Machine.o
                                                  ./source/STATE_MACHINE.o
Alert_Flag                                        ./source/STATE_MACHINE.o
Average_Temperature                               ./source/TMP102.o
BLUE_LED_INIT                                     ./source/LED_Blink.o
                                                  ./source/main.o
BLUE_LED_OFF                                      ./source/LED_Blink.o
                                                  ./source/Table_State_Machine.o
                                                  ./source/STATE_MACHINE.o
BLUE_LED_ON                                       ./source/LED_Blink.o
                                                  ./source/Table_State_Machine.o
                                                  ./source/STATE_MACHINE.o
BOARD_BootClockRUN                                ./board/clock_config.o
BOARD_BootClockVLPR                               ./board/clock_config.o
BOARD_InitBootClocks                              ./board/clock_config.o
                                                  ./source/main.o
BOARD_InitBootPeripherals                         ./board/peripherals.o
                                                  ./source/main.o
BOARD_InitBootPins                                ./board/pin_mux.o
                                                  ./source/main.o
BOARD_InitDebugConsole                            ./board/board.o
                                                  ./source/main.o
BOARD_InitPins                                    ./board/pin_mux.o
CLOCK_BootToBlpeMode                              ./drivers/fsl_clock.o
CLOCK_BootToBlpiMode                              ./drivers/fsl_clock.o
                                                  ./board/clock_config.o
CLOCK_BootToFeeMode                               ./drivers/fsl_clock.o
CLOCK_BootToFeiMode                               ./drivers/fsl_clock.o
CLOCK_BootToPeeMode                               ./drivers/fsl_clock.o
                                                  ./board/clock_config.o
CLOCK_CalcPllDiv                                  ./drivers/fsl_clock.o
CLOCK_ClearStatusFlags                            ./drivers/fsl_clock.o
CLOCK_DeinitOsc0                                  ./drivers/fsl_clock.o
CLOCK_EnablePll0                                  ./drivers/fsl_clock.o
CLOCK_EnableUsbfs0Clock                           ./drivers/fsl_clock.o
CLOCK_ExternalModeToFbeModeQuick                  ./drivers/fsl_clock.o
CLOCK_FllStableDelay                              ./drivers/fsl_clock.o
CLOCK_GetBusClkFreq                               ./drivers/fsl_clock.o
CLOCK_GetCoreSysClkFreq                           ./drivers/fsl_clock.o
CLOCK_GetEr32kClkFreq                             ./drivers/fsl_clock.o
CLOCK_GetFixedFreqClkFreq                         ./drivers/fsl_clock.o
CLOCK_GetFlashClkFreq                             ./drivers/fsl_clock.o
CLOCK_GetFllFreq                                  ./drivers/fsl_clock.o
CLOCK_GetFreq                                     ./drivers/fsl_clock.o
CLOCK_GetInternalRefClkFreq                       ./drivers/fsl_clock.o
CLOCK_GetMode                                     ./drivers/fsl_clock.o
CLOCK_GetOsc0ErClkFreq                            ./drivers/fsl_clock.o
CLOCK_GetOutClkFreq                               ./drivers/fsl_clock.o
CLOCK_GetPlatClkFreq                              ./drivers/fsl_clock.o
CLOCK_GetPll0Freq                                 ./drivers/fsl_clock.o
CLOCK_GetPllFllSelClkFreq                         ./drivers/fsl_clock.o
                                                  ./board/board.o
CLOCK_GetStatusFlags                              ./drivers/fsl_clock.o
CLOCK_InitOsc0                                    ./drivers/fsl_clock.o
                                                  ./board/clock_config.o
CLOCK_InternalModeToFbiModeQuick                  ./drivers/fsl_clock.o
CLOCK_SetBlpeMode                                 ./drivers/fsl_clock.o
CLOCK_SetBlpiMode                                 ./drivers/fsl_clock.o
CLOCK_SetExternalRefClkConfig                     ./drivers/fsl_clock.o
CLOCK_SetFbeMode                                  ./drivers/fsl_clock.o
CLOCK_SetFbiMode                                  ./drivers/fsl_clock.o
CLOCK_SetFeeMode                                  ./drivers/fsl_clock.o
CLOCK_SetFeiMode                                  ./drivers/fsl_clock.o
CLOCK_SetInternalRefClkConfig                     ./drivers/fsl_clock.o
                                                  ./board/clock_config.o
CLOCK_SetMcgConfig                                ./drivers/fsl_clock.o
CLOCK_SetOsc0MonitorMode                          ./drivers/fsl_clock.o
CLOCK_SetPbeMode                                  ./drivers/fsl_clock.o
CLOCK_SetPeeMode                                  ./drivers/fsl_clock.o
CLOCK_SetPll0MonitorMode                          ./drivers/fsl_clock.o
CLOCK_SetSimConfig                                ./drivers/fsl_clock.o
                                                  ./board/clock_config.o
CLOCK_TrimInternalRefClk                          ./drivers/fsl_clock.o
CMP0_DriverIRQHandler                             ./startup/startup_mkl25z4.o
CMP0_IRQHandler                                   ./startup/startup_mkl25z4.o
Calculate_Average_Temperature                     ./source/TMP102.o
                                                  ./source/Unit_Testing.o
                                                  ./source/Table_State_Machine.o
                                                  ./source/STATE_MACHINE.o
Column                                            ./source/Table_State_Machine.o
DAC0_DriverIRQHandler                             ./startup/startup_mkl25z4.o
DAC0_IRQHandler                                   ./startup/startup_mkl25z4.o
DMA0_DriverIRQHandler                             ./startup/startup_mkl25z4.o
DMA0_IRQHandler                                   ./startup/startup_mkl25z4.o
DMA1_DriverIRQHandler                             ./startup/startup_mkl25z4.o
DMA1_IRQHandler                                   ./startup/startup_mkl25z4.o
DMA2_DriverIRQHandler                             ./startup/startup_mkl25z4.o
DMA2_IRQHandler                                   ./startup/startup_mkl25z4.o
DMA3_DriverIRQHandler                             ./startup/startup_mkl25z4.o
DMA3_IRQHandler                                   ./startup/startup_mkl25z4.o
DbgConsole_Deinit                                 ./utilities/fsl_debug_console.o
DbgConsole_Getchar                                ./utilities/fsl_debug_console.o
DbgConsole_Init                                   ./utilities/fsl_debug_console.o
                                                  ./board/board.o
DbgConsole_Printf                                 ./utilities/fsl_debug_console.o
                                                  ./drivers/fsl_common.o
                                                  ./source/Table_State_Machine.o
                                                  ./source/System.o
                                                  ./source/Logger.o
                                                  ./source/I2C_Init.o
DbgConsole_Putchar                                ./utilities/fsl_debug_console.o
DbgConsole_Scanf                                  ./utilities/fsl_debug_console.o
Delay_Time                                        ./source/Delay_Function.o
                                                  ./source/Table_State_Machine.o
                                                  ./source/TMP102.o
                                                  ./source/TESTING_CONDITIONS.o
                                                  ./source/STATE_MACHINE.o
Disconnect                                        ./source/TESTING_CONDITIONS.o
                                                  ./source/STATE_MACHINE.o
FLASH_Erase                                       ./drivers/fsl_flash.o
FLASH_EraseAll                                    ./drivers/fsl_flash.o
FLASH_EraseAllExecuteOnlySegments                 ./drivers/fsl_flash.o
FLASH_GetProperty                                 ./drivers/fsl_flash.o
FLASH_GetSecurityState                            ./drivers/fsl_flash.o
FLASH_Init                                        ./drivers/fsl_flash.o
FLASH_IsExecuteOnly                               ./drivers/fsl_flash.o
FLASH_IsProtected                                 ./drivers/fsl_flash.o
FLASH_PflashGetPrefetchSpeculation                ./drivers/fsl_flash.o
FLASH_PflashGetProtection                         ./drivers/fsl_flash.o
FLASH_PflashSetPrefetchSpeculation                ./drivers/fsl_flash.o
                                                  ./drivers/fsl_smc.o
FLASH_PflashSetProtection                         ./drivers/fsl_flash.o
FLASH_PrepareExecuteInRamFunctions                ./drivers/fsl_flash.o
FLASH_Program                                     ./drivers/fsl_flash.o
FLASH_ProgramOnce                                 ./drivers/fsl_flash.o
FLASH_ReadOnce                                    ./drivers/fsl_flash.o
FLASH_ReadResource                                ./drivers/fsl_flash.o
FLASH_SecurityBypass                              ./drivers/fsl_flash.o
FLASH_SetCallback                                 ./drivers/fsl_flash.o
FLASH_SetProperty                                 ./drivers/fsl_flash.o
FLASH_VerifyErase                                 ./drivers/fsl_flash.o
FLASH_VerifyEraseAll                              ./drivers/fsl_flash.o
FLASH_VerifyEraseAllExecuteOnlySegments           ./drivers/fsl_flash.o
FLASH_VerifyProgram                               ./drivers/fsl_flash.o
FTFA_DriverIRQHandler                             ./startup/startup_mkl25z4.o
FTFA_IRQHandler                                   ./startup/startup_mkl25z4.o
Flash_Config                                      ./startup/startup_mkl25z4.o
GPIO_ClearPinsInterruptFlags                      ./drivers/fsl_gpio.o
GPIO_GetPinsInterruptFlags                        ./drivers/fsl_gpio.o
GPIO_PinInit                                      ./drivers/fsl_gpio.o
                                                  ./source/LED_Blink.o
GREEN_LED_INIT                                    ./source/LED_Blink.o
                                                  ./source/main.o
GREEN_LED_OFF                                     ./source/LED_Blink.o
                                                  ./source/Table_State_Machine.o
                                                  ./source/STATE_MACHINE.o
GREEN_LED_ON                                      ./source/LED_Blink.o
                                                  ./source/Table_State_Machine.o
                                                  ./source/STATE_MACHINE.o
HardFault_Handler                                 ./source/semihost_hardfault.o
                                                  ./startup/startup_mkl25z4.o
I2C0_DriverIRQHandler                             ./startup/startup_mkl25z4.o
I2C0_IRQHandler                                   ./startup/startup_mkl25z4.o
I2C1_DriverIRQHandler                             ./startup/startup_mkl25z4.o
I2C1_IRQHandler                                   ./startup/startup_mkl25z4.o
I2C_Init                                          ./source/I2C_Init.o
                                                  ./source/main.o
InstallIRQHandler                                 ./drivers/fsl_common.o
IntDefaultHandler                                 ./startup/startup_mkl25z4.o
LED_config                                        ./source/LED_Blink.o
LLWU_DriverIRQHandler                             ./startup/startup_mkl25z4.o
LLWU_IRQHandler                                   ./startup/startup_mkl25z4.o
LPSCI_ClearStatusFlags                            ./drivers/fsl_lpsci.o
LPSCI_Deinit                                      ./drivers/fsl_lpsci.o
                                                  ./utilities/fsl_debug_console.o
LPSCI_DisableInterrupts                           ./drivers/fsl_lpsci.o
LPSCI_EnableInterrupts                            ./drivers/fsl_lpsci.o
LPSCI_GetDefaultConfig                            ./drivers/fsl_lpsci.o
                                                  ./utilities/fsl_debug_console.o
LPSCI_GetEnabledInterrupts                        ./drivers/fsl_lpsci.o
LPSCI_GetInstance                                 ./drivers/fsl_lpsci.o
LPSCI_GetStatusFlags                              ./drivers/fsl_lpsci.o
LPSCI_Init                                        ./drivers/fsl_lpsci.o
                                                  ./utilities/fsl_debug_console.o
LPSCI_ReadBlocking                                ./drivers/fsl_lpsci.o
                                                  ./utilities/fsl_debug_console.o
LPSCI_SetBaudRate                                 ./drivers/fsl_lpsci.o
LPSCI_TransferAbortReceive                        ./drivers/fsl_lpsci.o
LPSCI_TransferAbortSend                           ./drivers/fsl_lpsci.o
LPSCI_TransferCreateHandle                        ./drivers/fsl_lpsci.o
LPSCI_TransferGetReceiveCount                     ./drivers/fsl_lpsci.o
LPSCI_TransferGetSendCount                        ./drivers/fsl_lpsci.o
LPSCI_TransferHandleErrorIRQ                      ./drivers/fsl_lpsci.o
LPSCI_TransferHandleIRQ                           ./drivers/fsl_lpsci.o
LPSCI_TransferReceiveNonBlocking                  ./drivers/fsl_lpsci.o
LPSCI_TransferSendNonBlocking                     ./drivers/fsl_lpsci.o
LPSCI_TransferStartRingBuffer                     ./drivers/fsl_lpsci.o
LPSCI_TransferStopRingBuffer                      ./drivers/fsl_lpsci.o
LPSCI_WriteBlocking                               ./drivers/fsl_lpsci.o
                                                  ./utilities/fsl_debug_console.o
LPTMR0_DriverIRQHandler                           ./startup/startup_mkl25z4.o
LPTMR0_IRQHandler                                 ./startup/startup_mkl25z4.o
LVD_LVW_DriverIRQHandler                          ./startup/startup_mkl25z4.o
LVD_LVW_IRQHandler                                ./startup/startup_mkl25z4.o
Log_Data                                          ./source/Logger.o
                                                  ./source/TMP102.o
                                                  ./source/TESTING_CONDITIONS.o
                                                  ./source/STATE_MACHINE.o
Log_Disabled                                      ./source/Logger.o
Log_Enabled                                       ./source/Logger.o
Log_Integer                                       ./source/Logger.o
Log_String                                        ./source/Logger.o
                                                  ./source/Unit_Testing.o
                                                  ./source/TMP102.o
                                                  ./source/TESTING_CONDITIONS.o
                                                  ./source/STATE_MACHINE.o
MCG_DriverIRQHandler                              ./startup/startup_mkl25z4.o
MCG_IRQHandler                                    ./startup/startup_mkl25z4.o
NMI_Handler                                       ./startup/startup_mkl25z4.o
PIT_DriverIRQHandler                              ./startup/startup_mkl25z4.o
PIT_IRQHandler                                    ./startup/startup_mkl25z4.o
PORTA_DriverIRQHandler                            ./startup/startup_mkl25z4.o
PORTA_IRQHandler                                  ./startup/startup_mkl25z4.o
PORTD_DriverIRQHandler                            ./startup/startup_mkl25z4.o
PORTD_IRQHandler                                  ./startup/startup_mkl25z4.o
PendSV_Handler                                    ./startup/startup_mkl25z4.o
Power_On_Reset_Test                               ./source/TESTING_CONDITIONS.o
                                                  ./source/Unit_Testing.o
Power_Test                                        ./source/Unit_Testing.o
                                                  ./source/main.o
RED_LED_INIT                                      ./source/LED_Blink.o
                                                  ./source/main.o
RED_LED_OFF                                       ./source/LED_Blink.o
                                                  ./source/Table_State_Machine.o
                                                  ./source/STATE_MACHINE.o
RED_LED_ON                                        ./source/LED_Blink.o
                                                  ./source/Table_State_Machine.o
                                                  ./source/TESTING_CONDITIONS.o
                                                  ./source/STATE_MACHINE.o
RTC_DriverIRQHandler                              ./startup/startup_mkl25z4.o
RTC_IRQHandler                                    ./startup/startup_mkl25z4.o
RTC_Seconds_DriverIRQHandler                      ./startup/startup_mkl25z4.o
RTC_Seconds_IRQHandler                            ./startup/startup_mkl25z4.o
Reserved20_DriverIRQHandler                       ./startup/startup_mkl25z4.o
Reserved20_IRQHandler                             ./startup/startup_mkl25z4.o
Reserved39_DriverIRQHandler                       ./startup/startup_mkl25z4.o
Reserved39_IRQHandler                             ./startup/startup_mkl25z4.o
Reserved45_DriverIRQHandler                       ./startup/startup_mkl25z4.o
Reserved45_IRQHandler                             ./startup/startup_mkl25z4.o
ResetISR                                          ./startup/startup_mkl25z4.o
SMC_PostExitStopModes                             ./drivers/fsl_smc.o
SMC_PreEnterStopModes                             ./drivers/fsl_smc.o
SMC_SetPowerModeLls                               ./drivers/fsl_smc.o
SMC_SetPowerModeRun                               ./drivers/fsl_smc.o
SMC_SetPowerModeStop                              ./drivers/fsl_smc.o
SMC_SetPowerModeVlls                              ./drivers/fsl_smc.o
SMC_SetPowerModeVlpr                              ./drivers/fsl_smc.o
                                                  ./board/clock_config.o
SMC_SetPowerModeVlps                              ./drivers/fsl_smc.o
SMC_SetPowerModeVlpw                              ./drivers/fsl_smc.o
SMC_SetPowerModeWait                              ./drivers/fsl_smc.o
SPI0_DriverIRQHandler                             ./startup/startup_mkl25z4.o
SPI0_IRQHandler                                   ./startup/startup_mkl25z4.o
SPI1_DriverIRQHandler                             ./startup/startup_mkl25z4.o
SPI1_IRQHandler                                   ./startup/startup_mkl25z4.o
STATE                                             ./source/STATE_MACHINE.o
SVC_Handler                                       ./startup/startup_mkl25z4.o
State_Machine                                     ./source/STATE_MACHINE.o
                                                  ./source/main.o
Status                                            ./source/Logger.o
                                                  ./source/Unit_Testing.o
Switch_Test                                       ./source/Unit_Testing.o
                                                  ./source/main.o
SysTick_Handler                                   ./startup/startup_mkl25z4.o